Mar 14 00:34:29 ihartlinux anacron[971]: Job `cron.daily' terminated (mailing output)
Mar 14 00:34:29 ihartlinux anacron[971]: Normal exit (1 job run)
Mar 14 00:34:29 ihartlinux postfix/pickup[1875]: 50839156040C: uid=0 from=<root>
Mar 14 00:34:29 ihartlinux postfix/cleanup[4596]: 50839156040C: message-id=<20140314073429.50839156040C@iHartLinux>
Mar 14 00:34:29 ihartlinux postfix/qmgr[1876]: 50839156040C: from=<root@iHartLinux>, size=609, nrcpt=1 (queue active)
Mar 14 00:34:29 ihartlinux postfix/local[4599]: 50839156040C: to=<root@iHartLinux>, orig_to=<root>, relay=local, delay=0.3, delays=0.15/0.09/0/0.07, dsn=2.0.0, status=sent (delivered to mailbox)
Mar 14 00:34:29 ihartlinux postfix/qmgr[1876]: 50839156040C: removed
Mar 14 00:37:58 ihartlinux acpid: client 3214[0:0] has disconnected
Mar 14 00:37:58 ihartlinux acpid: client connected from 3214[0:0]
Mar 14 00:37:58 ihartlinux acpid: 1 client rule loaded
Mar 14 00:39:01 ihartlinux CRON[4627]: (root) CMD (  [ -x /usr/lib/php5/maxlifetime ] && [ -x /usr/lib/php5/sessionclean ] && [ -d /var/lib/php5 ] && /usr/lib/php5/sessionclean /var/lib/php5 $(/usr/lib/php5/maxlifetime))
Mar 14 00:56:40 ihartlinux wpa_supplicant[1309]: wlan0: WPA: Group rekeying completed with 00:21:29:6a:b2:2e [GTK=TKIP]
Mar 14 00:59:07 ihartlinux sudo: pam_ecryptfs: pam_sm_authenticate: /home/hmsimha is already mounted
Mar 14 00:59:42 ihartlinux kernel: imklog 5.8.11, log source = /proc/kmsg started.
Mar 14 00:59:42 ihartlinux rsyslogd: [origin software="rsyslogd" swVersion="5.8.11" x-pid="541" x-info="http://www.rsyslog.com"] start
Mar 14 00:59:42 ihartlinux rsyslogd: rsyslogd's groupid changed to 103
Mar 14 00:59:42 ihartlinux rsyslogd: rsyslogd's userid changed to 101
Mar 14 00:59:42 ihartlinux rsyslogd-2039: Could not open output pipe '/dev/xconsole' [try http://www.rsyslog.com/e/2039 ]
Mar 14 00:59:42 ihartlinux kernel: [    0.000000] Initializing cgroup subsys cpuset
Mar 14 00:59:42 ihartlinux kernel: [    0.000000] Initializing cgroup subsys cpu
Mar 14 00:59:42 ihartlinux kernel: [    0.000000] Initializing cgroup subsys cpuacct
Mar 14 00:59:42 ihartlinux kernel: [    0.000000] Linux version 3.11.0-18-generic (buildd@toyol) (gcc version 4.8.1 (Ubuntu/Linaro 4.8.1-10ubuntu8) ) #32-Ubuntu SMP Tue Feb 18 21:11:14 UTC 2014 (Ubuntu 3.11.0-18.32-generic 3.11.10.4)
Mar 14 00:59:42 ihartlinux kernel: [    0.000000] Command line: BOOT_IMAGE=/boot/vmlinuz-3.11.0-18-generic.efi.signed root=UUID=3ef175d1-fafa-4e94-9a9a-62ee335a63c1 ro quiet splash vt.handoff=7
Mar 14 00:59:42 ihartlinux kernel: [    0.000000] KERNEL supported cpus:
Mar 14 00:59:42 ihartlinux kernel: [    0.000000]   Intel GenuineIntel
Mar 14 00:59:42 ihartlinux kernel: [    0.000000]   AMD AuthenticAMD
Mar 14 00:59:42 ihartlinux kernel: [    0.000000]   Centaur CentaurHauls
Mar 14 00:59:42 ihartlinux kernel: [    0.000000] e820: BIOS-provided physical RAM map:
Mar 14 00:59:42 ihartlinux kernel: [    0.000000] BIOS-e820: [mem 0x0000000000000000-0x0000000000087fff] usable
Mar 14 00:59:42 ihartlinux kernel: [    0.000000] BIOS-e820: [mem 0x0000000000088000-0x00000000000bffff] reserved
Mar 14 00:59:42 ihartlinux kernel: [    0.000000] BIOS-e820: [mem 0x0000000000100000-0x000000001fffffff] usable
Mar 14 00:59:42 ihartlinux kernel: [    0.000000] BIOS-e820: [mem 0x0000000020000000-0x00000000201fffff] reserved
Mar 14 00:59:42 ihartlinux kernel: [    0.000000] BIOS-e820: [mem 0x0000000020200000-0x0000000040003fff] usable
Mar 14 00:59:42 ihartlinux kernel: [    0.000000] BIOS-e820: [mem 0x0000000040004000-0x0000000040004fff] reserved
Mar 14 00:59:42 ihartlinux kernel: [    0.000000] BIOS-e820: [mem 0x0000000040005000-0x00000000a9dbefff] usable
Mar 14 00:59:42 ihartlinux kernel: [    0.000000] BIOS-e820: [mem 0x00000000a9dbf000-0x00000000aaebefff] reserved
Mar 14 00:59:42 ihartlinux kernel: [    0.000000] BIOS-e820: [mem 0x00000000aaebf000-0x00000000aafbefff] ACPI NVS
Mar 14 00:59:42 ihartlinux kernel: [    0.000000] BIOS-e820: [mem 0x00000000aafbf000-0x00000000aaffefff] ACPI data
Mar 14 00:59:42 ihartlinux kernel: [    0.000000] BIOS-e820: [mem 0x00000000aafff000-0x00000000aaffffff] usable
Mar 14 00:59:42 ihartlinux kernel: [    0.000000] BIOS-e820: [mem 0x00000000ab000000-0x00000000af9fffff] reserved
Mar 14 00:59:42 ihartlinux kernel: [    0.000000] BIOS-e820: [mem 0x00000000e0000000-0x00000000efffffff] reserved
Mar 14 00:59:42 ihartlinux kernel: [    0.000000] BIOS-e820: [mem 0x00000000feb00000-0x00000000feb03fff] reserved
Mar 14 00:59:42 ihartlinux kernel: [    0.000000] BIOS-e820: [mem 0x00000000fec00000-0x00000000fec00fff] reserved
Mar 14 00:59:42 ihartlinux kernel: [    0.000000] BIOS-e820: [mem 0x00000000fed10000-0x00000000fed19fff] reserved
Mar 14 00:59:42 ihartlinux kernel: [    0.000000] BIOS-e820: [mem 0x00000000fed1c000-0x00000000fed1ffff] reserved
Mar 14 00:59:42 ihartlinux kernel: [    0.000000] BIOS-e820: [mem 0x00000000fee00000-0x00000000fee00fff] reserved
Mar 14 00:59:42 ihartlinux kernel: [    0.000000] BIOS-e820: [mem 0x00000000ffb00000-0x00000000ffffffff] reserved
Mar 14 00:59:42 ihartlinux kernel: [    0.000000] BIOS-e820: [mem 0x0000000100000000-0x000000024f5fffff] usable
Mar 14 00:59:42 ihartlinux kernel: [    0.000000] e820: update [mem 0xa004d018-0xa005d057] usable ==> usable
Mar 14 00:59:42 ihartlinux kernel: [    0.000000] extended physical RAM map:
Mar 14 00:59:42 ihartlinux kernel: [    0.000000] reserve setup_data: [mem 0x0000000000000000-0x0000000000087fff] usable
Mar 14 00:59:42 ihartlinux kernel: [    0.000000] reserve setup_data: [mem 0x0000000000088000-0x00000000000bffff] reserved
Mar 14 00:59:42 ihartlinux kernel: [    0.000000] reserve setup_data: [mem 0x0000000000100000-0x000000001fffffff] usable
Mar 14 00:59:42 ihartlinux kernel: [    0.000000] reserve setup_data: [mem 0x0000000020000000-0x00000000201fffff] reserved
Mar 14 00:59:42 ihartlinux kernel: [    0.000000] reserve setup_data: [mem 0x0000000020200000-0x0000000040003fff] usable
Mar 14 00:59:42 ihartlinux kernel: [    0.000000] reserve setup_data: [mem 0x0000000040004000-0x0000000040004fff] reserved
Mar 14 00:59:42 ihartlinux kernel: [    0.000000] reserve setup_data: [mem 0x0000000040005000-0x00000000a004d017] usable
Mar 14 00:59:42 ihartlinux kernel: [    0.000000] reserve setup_data: [mem 0x00000000a004d018-0x00000000a005d057] usable
Mar 14 00:59:42 ihartlinux kernel: [    0.000000] reserve setup_data: [mem 0x00000000a005d058-0x00000000a9dbefff] usable
Mar 14 00:59:42 ihartlinux kernel: [    0.000000] reserve setup_data: [mem 0x00000000a9dbf000-0x00000000aaebefff] reserved
Mar 14 00:59:42 ihartlinux kernel: [    0.000000] reserve setup_data: [mem 0x00000000aaebf000-0x00000000aafbefff] ACPI NVS
Mar 14 00:59:42 ihartlinux kernel: [    0.000000] reserve setup_data: [mem 0x00000000aafbf000-0x00000000aaffefff] ACPI data
Mar 14 00:59:42 ihartlinux kernel: [    0.000000] reserve setup_data: [mem 0x00000000aafff000-0x00000000aaffffff] usable
Mar 14 00:59:42 ihartlinux kernel: [    0.000000] reserve setup_data: [mem 0x00000000ab000000-0x00000000af9fffff] reserved
Mar 14 00:59:42 ihartlinux kernel: [    0.000000] reserve setup_data: [mem 0x00000000e0000000-0x00000000efffffff] reserved
Mar 14 00:59:42 ihartlinux kernel: [    0.000000] reserve setup_data: [mem 0x00000000feb00000-0x00000000feb03fff] reserved
Mar 14 00:59:42 ihartlinux kernel: [    0.000000] reserve setup_data: [mem 0x00000000fec00000-0x00000000fec00fff] reserved
Mar 14 00:59:42 ihartlinux kernel: [    0.000000] reserve setup_data: [mem 0x00000000fed10000-0x00000000fed19fff] reserved
Mar 14 00:59:42 ihartlinux kernel: [    0.000000] reserve setup_data: [mem 0x00000000fed1c000-0x00000000fed1ffff] reserved
Mar 14 00:59:42 ihartlinux kernel: [    0.000000] reserve setup_data: [mem 0x00000000fee00000-0x00000000fee00fff] reserved
Mar 14 00:59:42 ihartlinux kernel: [    0.000000] reserve setup_data: [mem 0x00000000ffb00000-0x00000000ffffffff] reserved
Mar 14 00:59:42 ihartlinux kernel: [    0.000000] reserve setup_data: [mem 0x0000000100000000-0x000000024f5fffff] usable
Mar 14 00:59:42 ihartlinux kernel: [    0.000000] NX (Execute Disable) protection: active
Mar 14 00:59:42 ihartlinux kernel: [    0.000000] efi: EFI v2.31 by INSYDE Corp.
Mar 14 00:59:42 ihartlinux kernel: [    0.000000] efi:  ACPI=0xaaffe000  ACPI 2.0=0xaaffe014  SMBIOS=0xaaebef98 
Mar 14 00:59:42 ihartlinux kernel: [    0.000000] efi: mem00: type=3, attr=0xf, range=[0x0000000000000000-0x0000000000001000) (0MB)
Mar 14 00:59:42 ihartlinux kernel: [    0.000000] efi: mem01: type=2, attr=0xf, range=[0x0000000000001000-0x0000000000004000) (0MB)
Mar 14 00:59:42 ihartlinux kernel: [    0.000000] efi: mem02: type=7, attr=0xf, range=[0x0000000000004000-0x000000000006f000) (0MB)
Mar 14 00:59:42 ihartlinux kernel: [    0.000000] efi: mem03: type=4, attr=0xf, range=[0x000000000006f000-0x0000000000070000) (0MB)
Mar 14 00:59:42 ihartlinux kernel: [    0.000000] efi: mem04: type=7, attr=0xf, range=[0x0000000000070000-0x0000000000088000) (0MB)
Mar 14 00:59:42 ihartlinux kernel: [    0.000000] efi: mem05: type=6, attr=0x800000000000000f, range=[0x0000000000088000-0x00000000000a0000) (0MB)
Mar 14 00:59:42 ihartlinux kernel: [    0.000000] efi: mem06: type=7, attr=0xf, range=[0x0000000000100000-0x0000000001000000) (15MB)
Mar 14 00:59:42 ihartlinux kernel: [    0.000000] efi: mem07: type=2, attr=0xf, range=[0x0000000001000000-0x00000000023f3000) (19MB)
Mar 14 00:59:42 ihartlinux kernel: [    0.000000] efi: mem08: type=7, attr=0xf, range=[0x00000000023f3000-0x0000000020000000) (476MB)
Mar 14 00:59:42 ihartlinux kernel: [    0.000000] efi: mem09: type=0, attr=0xf, range=[0x0000000020000000-0x0000000020200000) (2MB)
Mar 14 00:59:42 ihartlinux kernel: [    0.000000] efi: mem10: type=7, attr=0xf, range=[0x0000000020200000-0x000000003e7c7000) (485MB)
Mar 14 00:59:42 ihartlinux kernel: [    0.000000] efi: mem11: type=2, attr=0xf, range=[0x000000003e7c7000-0x0000000040000000) (24MB)
Mar 14 00:59:42 ihartlinux kernel: [    0.000000] efi: mem12: type=7, attr=0xf, range=[0x0000000040000000-0x0000000040004000) (0MB)
Mar 14 00:59:42 ihartlinux kernel: [    0.000000] efi: mem13: type=0, attr=0xf, range=[0x0000000040004000-0x0000000040005000) (0MB)
Mar 14 00:59:42 ihartlinux kernel: [    0.000000] efi: mem14: type=7, attr=0xf, range=[0x0000000040005000-0x0000000074ec8000) (846MB)
Mar 14 00:59:42 ihartlinux kernel: [    0.000000] efi: mem15: type=2, attr=0xf, range=[0x0000000074ec8000-0x000000009e3c0000) (660MB)
Mar 14 00:59:42 ihartlinux kernel: [    0.000000] efi: mem16: type=4, attr=0xf, range=[0x000000009e3c0000-0x000000009e3e0000) (0MB)
Mar 14 00:59:42 ihartlinux kernel: [    0.000000] efi: mem17: type=7, attr=0xf, range=[0x000000009e3e0000-0x00000000a004d000) (28MB)
Mar 14 00:59:42 ihartlinux kernel: [    0.000000] efi: mem18: type=2, attr=0xf, range=[0x00000000a004d000-0x00000000a013c000) (0MB)
Mar 14 00:59:42 ihartlinux kernel: [    0.000000] efi: mem19: type=7, attr=0xf, range=[0x00000000a013c000-0x00000000a0140000) (0MB)
Mar 14 00:59:42 ihartlinux kernel: [    0.000000] efi: mem20: type=2, attr=0xf, range=[0x00000000a0140000-0x00000000a0145000) (0MB)
Mar 14 00:59:42 ihartlinux kernel: [    0.000000] efi: mem21: type=7, attr=0xf, range=[0x00000000a0145000-0x00000000a0147000) (0MB)
Mar 14 00:59:42 ihartlinux kernel: [    0.000000] efi: mem22: type=2, attr=0xf, range=[0x00000000a0147000-0x00000000a0224000) (0MB)
Mar 14 00:59:42 ihartlinux kernel: [    0.000000] efi: mem23: type=4, attr=0xf, range=[0x00000000a0224000-0x00000000a13b0000) (17MB)
Mar 14 00:59:42 ihartlinux kernel: [    0.000000] efi: mem24: type=7, attr=0xf, range=[0x00000000a13b0000-0x00000000a13b4000) (0MB)
Mar 14 00:59:42 ihartlinux kernel: [    0.000000] efi: mem25: type=2, attr=0xf, range=[0x00000000a13b4000-0x00000000a13b6000) (0MB)
Mar 14 00:59:42 ihartlinux kernel: [    0.000000] efi: mem26: type=7, attr=0xf, range=[0x00000000a13b6000-0x00000000a13b8000) (0MB)
Mar 14 00:59:42 ihartlinux kernel: [    0.000000] efi: mem27: type=2, attr=0xf, range=[0x00000000a13b8000-0x00000000a13b9000) (0MB)
Mar 14 00:59:42 ihartlinux kernel: [    0.000000] efi: mem28: type=7, attr=0xf, range=[0x00000000a13b9000-0x00000000a13bb000) (0MB)
Mar 14 00:59:42 ihartlinux kernel: [    0.000000] efi: mem29: type=2, attr=0xf, range=[0x00000000a13bb000-0x00000000a13bc000) (0MB)
Mar 14 00:59:42 ihartlinux kernel: [    0.000000] efi: mem30: type=7, attr=0xf, range=[0x00000000a13bc000-0x00000000a13bd000) (0MB)
Mar 14 00:59:42 ihartlinux kernel: [    0.000000] efi: mem31: type=2, attr=0xf, range=[0x00000000a13bd000-0x00000000a13bf000) (0MB)
Mar 14 00:59:42 ihartlinux kernel: [    0.000000] efi: mem32: type=7, attr=0xf, range=[0x00000000a13bf000-0x00000000a148b000) (0MB)
Mar 14 00:59:42 ihartlinux kernel: [    0.000000] efi: mem33: type=1, attr=0xf, range=[0x00000000a148b000-0x00000000a15bf000) (1MB)
Mar 14 00:59:42 ihartlinux kernel: [    0.000000] efi: mem34: type=7, attr=0xf, range=[0x00000000a15bf000-0x00000000a64c1000) (79MB)
Mar 14 00:59:42 ihartlinux kernel: [    0.000000] efi: mem35: type=4, attr=0xf, range=[0x00000000a64c1000-0x00000000a6d43000) (8MB)
Mar 14 00:59:42 ihartlinux kernel: [    0.000000] efi: mem36: type=7, attr=0xf, range=[0x00000000a6d43000-0x00000000a7044000) (3MB)
Mar 14 00:59:42 ihartlinux kernel: [    0.000000] efi: mem37: type=4, attr=0xf, range=[0x00000000a7044000-0x00000000a705a000) (0MB)
Mar 14 00:59:42 ihartlinux kernel: [    0.000000] efi: mem38: type=7, attr=0xf, range=[0x00000000a705a000-0x00000000a705b000) (0MB)
Mar 14 00:59:42 ihartlinux kernel: [    0.000000] efi: mem39: type=4, attr=0xf, range=[0x00000000a705b000-0x00000000a70f6000) (0MB)
Mar 14 00:59:42 ihartlinux kernel: [    0.000000] efi: mem40: type=7, attr=0xf, range=[0x00000000a70f6000-0x00000000a70fb000) (0MB)
Mar 14 00:59:42 ihartlinux kernel: [    0.000000] efi: mem41: type=4, attr=0xf, range=[0x00000000a70fb000-0x00000000a7103000) (0MB)
Mar 14 00:59:42 ihartlinux kernel: [    0.000000] efi: mem42: type=7, attr=0xf, range=[0x00000000a7103000-0x00000000a7104000) (0MB)
Mar 14 00:59:42 ihartlinux kernel: [    0.000000] efi: mem43: type=4, attr=0xf, range=[0x00000000a7104000-0x00000000a7130000) (0MB)
Mar 14 00:59:42 ihartlinux kernel: [    0.000000] efi: mem44: type=7, attr=0xf, range=[0x00000000a7130000-0x00000000a7131000) (0MB)
Mar 14 00:59:42 ihartlinux kernel: [    0.000000] efi: mem45: type=4, attr=0xf, range=[0x00000000a7131000-0x00000000a7276000) (1MB)
Mar 14 00:59:42 ihartlinux kernel: [    0.000000] efi: mem46: type=7, attr=0xf, range=[0x00000000a7276000-0x00000000a7278000) (0MB)
Mar 14 00:59:42 ihartlinux kernel: [    0.000000] efi: mem47: type=4, attr=0xf, range=[0x00000000a7278000-0x00000000a72a1000) (0MB)
Mar 14 00:59:42 ihartlinux kernel: [    0.000000] efi: mem48: type=7, attr=0xf, range=[0x00000000a72a1000-0x00000000a72a4000) (0MB)
Mar 14 00:59:42 ihartlinux kernel: [    0.000000] efi: mem49: type=4, attr=0xf, range=[0x00000000a72a4000-0x00000000a72d5000) (0MB)
Mar 14 00:59:42 ihartlinux kernel: [    0.000000] efi: mem50: type=7, attr=0xf, range=[0x00000000a72d5000-0x00000000a72dc000) (0MB)
Mar 14 00:59:42 ihartlinux kernel: [    0.000000] efi: mem51: type=4, attr=0xf, range=[0x00000000a72dc000-0x00000000a730d000) (0MB)
Mar 14 00:59:42 ihartlinux kernel: [    0.000000] efi: mem52: type=7, attr=0xf, range=[0x00000000a730d000-0x00000000a7315000) (0MB)
Mar 14 00:59:42 ihartlinux kernel: [    0.000000] efi: mem53: type=4, attr=0xf, range=[0x00000000a7315000-0x00000000a733d000) (0MB)
Mar 14 00:59:42 ihartlinux kernel: [    0.000000] efi: mem54: type=7, attr=0xf, range=[0x00000000a733d000-0x00000000a733e000) (0MB)
Mar 14 00:59:42 ihartlinux kernel: [    0.000000] efi: mem55: type=4, attr=0xf, range=[0x00000000a733e000-0x00000000a733f000) (0MB)
Mar 14 00:59:42 ihartlinux kernel: [    0.000000] efi: mem56: type=7, attr=0xf, range=[0x00000000a733f000-0x00000000a7340000) (0MB)
Mar 14 00:59:42 ihartlinux kernel: [    0.000000] efi: mem57: type=4, attr=0xf, range=[0x00000000a7340000-0x00000000a7348000) (0MB)
Mar 14 00:59:42 ihartlinux kernel: [    0.000000] efi: mem58: type=7, attr=0xf, range=[0x00000000a7348000-0x00000000a7349000) (0MB)
Mar 14 00:59:42 ihartlinux kernel: [    0.000000] efi: mem59: type=4, attr=0xf, range=[0x00000000a7349000-0x00000000a7371000) (0MB)
Mar 14 00:59:42 ihartlinux kernel: [    0.000000] efi: mem60: type=7, attr=0xf, range=[0x00000000a7371000-0x00000000a7372000) (0MB)
Mar 14 00:59:42 ihartlinux kernel: [    0.000000] efi: mem61: type=4, attr=0xf, range=[0x00000000a7372000-0x00000000a76d4000) (3MB)
Mar 14 00:59:42 ihartlinux kernel: [    0.000000] efi: mem62: type=7, attr=0xf, range=[0x00000000a76d4000-0x00000000a76d7000) (0MB)
Mar 14 00:59:42 ihartlinux kernel: [    0.000000] efi: mem63: type=4, attr=0xf, range=[0x00000000a76d7000-0x00000000a76d8000) (0MB)
Mar 14 00:59:42 ihartlinux kernel: [    0.000000] efi: mem64: type=7, attr=0xf, range=[0x00000000a76d8000-0x00000000a76d9000) (0MB)
Mar 14 00:59:42 ihartlinux kernel: [    0.000000] efi: mem65: type=4, attr=0xf, range=[0x00000000a76d9000-0x00000000a76da000) (0MB)
Mar 14 00:59:42 ihartlinux kernel: [    0.000000] efi: mem66: type=7, attr=0xf, range=[0x00000000a76da000-0x00000000a76db000) (0MB)
Mar 14 00:59:42 ihartlinux kernel: [    0.000000] efi: mem67: type=4, attr=0xf, range=[0x00000000a76db000-0x00000000a76fb000) (0MB)
Mar 14 00:59:42 ihartlinux kernel: [    0.000000] efi: mem68: type=7, attr=0xf, range=[0x00000000a76fb000-0x00000000a76fd000) (0MB)
Mar 14 00:59:42 ihartlinux kernel: [    0.000000] efi: mem69: type=4, attr=0xf, range=[0x00000000a76fd000-0x00000000a95bf000) (30MB)
Mar 14 00:59:42 ihartlinux kernel: [    0.000000] efi: mem70: type=7, attr=0xf, range=[0x00000000a95bf000-0x00000000a9963000) (3MB)
Mar 14 00:59:42 ihartlinux kernel: [    0.000000] efi: mem71: type=3, attr=0xf, range=[0x00000000a9963000-0x00000000a9dbf000) (4MB)
Mar 14 00:59:42 ihartlinux kernel: [    0.000000] efi: mem72: type=5, attr=0x800000000000000f, range=[0x00000000a9dbf000-0x00000000aa1bf000) (4MB)
Mar 14 00:59:42 ihartlinux kernel: [    0.000000] efi: mem73: type=6, attr=0x800000000000000f, range=[0x00000000aa1bf000-0x00000000aa3bf000) (2MB)
Mar 14 00:59:42 ihartlinux kernel: [    0.000000] efi: mem74: type=0, attr=0xf, range=[0x00000000aa3bf000-0x00000000aaebf000) (11MB)
Mar 14 00:59:42 ihartlinux kernel: [    0.000000] efi: mem75: type=10, attr=0xf, range=[0x00000000aaebf000-0x00000000aafbf000) (1MB)
Mar 14 00:59:42 ihartlinux kernel: [    0.000000] efi: mem76: type=9, attr=0xf, range=[0x00000000aafbf000-0x00000000aafff000) (0MB)
Mar 14 00:59:42 ihartlinux kernel: [    0.000000] efi: mem77: type=4, attr=0xf, range=[0x00000000aafff000-0x00000000ab000000) (0MB)
Mar 14 00:59:42 ihartlinux kernel: [    0.000000] efi: mem78: type=7, attr=0xf, range=[0x0000000100000000-0x000000024f600000) (5366MB)
Mar 14 00:59:42 ihartlinux kernel: [    0.000000] efi: mem79: type=0, attr=0x0, range=[0x00000000000a0000-0x00000000000c0000) (0MB)
Mar 14 00:59:42 ihartlinux kernel: [    0.000000] efi: mem80: type=0, attr=0x0, range=[0x00000000ab000000-0x00000000afa00000) (74MB)
Mar 14 00:59:42 ihartlinux kernel: [    0.000000] efi: mem81: type=11, attr=0x8000000000000001, range=[0x00000000e0000000-0x00000000f0000000) (256MB)
Mar 14 00:59:42 ihartlinux kernel: [    0.000000] efi: mem82: type=11, attr=0x8000000000000001, range=[0x00000000feb00000-0x00000000feb04000) (0MB)
Mar 14 00:59:42 ihartlinux kernel: [    0.000000] efi: mem83: type=11, attr=0x8000000000000001, range=[0x00000000fec00000-0x00000000fec01000) (0MB)
Mar 14 00:59:42 ihartlinux kernel: [    0.000000] efi: mem84: type=11, attr=0x8000000000000001, range=[0x00000000fed10000-0x00000000fed1a000) (0MB)
Mar 14 00:59:42 ihartlinux kernel: [    0.000000] efi: mem85: type=11, attr=0x8000000000000001, range=[0x00000000fed1c000-0x00000000fed20000) (0MB)
Mar 14 00:59:42 ihartlinux kernel: [    0.000000] efi: mem86: type=11, attr=0x8000000000000001, range=[0x00000000fee00000-0x00000000fee01000) (0MB)
Mar 14 00:59:42 ihartlinux kernel: [    0.000000] efi: mem87: type=11, attr=0x8000000000000000, range=[0x00000000ffb00000-0x0000000100000000) (5MB)
Mar 14 00:59:42 ihartlinux kernel: [    0.000000] SMBIOS 2.7 present.
Mar 14 00:59:42 ihartlinux kernel: [    0.000000] DMI: Hewlett-Packard HP ENVY 15 Notebook PC/1960, BIOS F.35 10/03/2013
Mar 14 00:59:42 ihartlinux kernel: [    0.000000] e820: update [mem 0x00000000-0x00000fff] usable ==> reserved
Mar 14 00:59:42 ihartlinux kernel: [    0.000000] e820: remove [mem 0x000a0000-0x000fffff] usable
Mar 14 00:59:42 ihartlinux kernel: [    0.000000] No AGP bridge found
Mar 14 00:59:42 ihartlinux kernel: [    0.000000] e820: last_pfn = 0x24f600 max_arch_pfn = 0x400000000
Mar 14 00:59:42 ihartlinux kernel: [    0.000000] MTRR default type: uncachable
Mar 14 00:59:42 ihartlinux kernel: [    0.000000] MTRR fixed ranges enabled:
Mar 14 00:59:42 ihartlinux kernel: [    0.000000]   00000-9FFFF write-back
Mar 14 00:59:42 ihartlinux kernel: [    0.000000]   A0000-BFFFF uncachable
Mar 14 00:59:42 ihartlinux kernel: [    0.000000]   C0000-E7FFF write-protect
Mar 14 00:59:42 ihartlinux kernel: [    0.000000]   E8000-EFFFF write-combining
Mar 14 00:59:42 ihartlinux kernel: [    0.000000]   F0000-FFFFF write-protect
Mar 14 00:59:42 ihartlinux kernel: [    0.000000] MTRR variable ranges enabled:
Mar 14 00:59:42 ihartlinux kernel: [    0.000000]   0 base 000000000 mask F80000000 write-back
Mar 14 00:59:42 ihartlinux kernel: [    0.000000]   1 base 080000000 mask FE0000000 write-back
Mar 14 00:59:42 ihartlinux kernel: [    0.000000]   2 base 0A0000000 mask FF8000000 write-back
Mar 14 00:59:42 ihartlinux kernel: [    0.000000]   3 base 0A8000000 mask FFE000000 write-back
Mar 14 00:59:42 ihartlinux kernel: [    0.000000]   4 base 0AA000000 mask FFF000000 write-back
Mar 14 00:59:42 ihartlinux kernel: [    0.000000]   5 base 0FF800000 mask FFF800000 write-protect
Mar 14 00:59:42 ihartlinux kernel: [    0.000000]   6 base 100000000 mask F00000000 write-back
Mar 14 00:59:42 ihartlinux kernel: [    0.000000]   7 base 200000000 mask F80000000 write-back
Mar 14 00:59:42 ihartlinux kernel: [    0.000000]   8 base 24F600000 mask FFFE00000 uncachable
Mar 14 00:59:42 ihartlinux kernel: [    0.000000]   9 base 24F800000 mask FFF800000 uncachable
Mar 14 00:59:42 ihartlinux kernel: [    0.000000] x86 PAT enabled: cpu 0, old 0x7040600070406, new 0x7010600070106
Mar 14 00:59:42 ihartlinux kernel: [    0.000000] e820: last_pfn = 0xab000 max_arch_pfn = 0x400000000
Mar 14 00:59:42 ihartlinux kernel: [    0.000000] Scanning 2 areas for low memory corruption
Mar 14 00:59:42 ihartlinux kernel: [    0.000000] Base memory trampoline at [ffff880000082000] 82000 size 24576
Mar 14 00:59:42 ihartlinux kernel: [    0.000000] init_memory_mapping: [mem 0x00000000-0x000fffff]
Mar 14 00:59:42 ihartlinux kernel: [    0.000000]  [mem 0x00000000-0x000fffff] page 4k
Mar 14 00:59:42 ihartlinux kernel: [    0.000000] BRK [0x01fd1000, 0x01fd1fff] PGTABLE
Mar 14 00:59:42 ihartlinux kernel: [    0.000000] BRK [0x01fd2000, 0x01fd2fff] PGTABLE
Mar 14 00:59:42 ihartlinux kernel: [    0.000000] BRK [0x01fd3000, 0x01fd3fff] PGTABLE
Mar 14 00:59:42 ihartlinux kernel: [    0.000000] init_memory_mapping: [mem 0x24f400000-0x24f5fffff]
Mar 14 00:59:42 ihartlinux kernel: [    0.000000]  [mem 0x24f400000-0x24f5fffff] page 2M
Mar 14 00:59:42 ihartlinux kernel: [    0.000000] BRK [0x01fd4000, 0x01fd4fff] PGTABLE
Mar 14 00:59:42 ihartlinux kernel: [    0.000000] init_memory_mapping: [mem 0x24c000000-0x24f3fffff]
Mar 14 00:59:42 ihartlinux kernel: [    0.000000]  [mem 0x24c000000-0x24f3fffff] page 2M
Mar 14 00:59:42 ihartlinux kernel: [    0.000000] init_memory_mapping: [mem 0x200000000-0x24bffffff]
Mar 14 00:59:42 ihartlinux kernel: [    0.000000]  [mem 0x200000000-0x24bffffff] page 2M
Mar 14 00:59:42 ihartlinux kernel: [    0.000000] BRK [0x01fd5000, 0x01fd5fff] PGTABLE
Mar 14 00:59:42 ihartlinux kernel: [    0.000000] init_memory_mapping: [mem 0x00100000-0x1fffffff]
Mar 14 00:59:42 ihartlinux kernel: [    0.000000]  [mem 0x00100000-0x001fffff] page 4k
Mar 14 00:59:42 ihartlinux kernel: [    0.000000]  [mem 0x00200000-0x1fffffff] page 2M
Mar 14 00:59:42 ihartlinux kernel: [    0.000000] init_memory_mapping: [mem 0x20200000-0x40003fff]
Mar 14 00:59:42 ihartlinux kernel: [    0.000000]  [mem 0x20200000-0x3fffffff] page 2M
Mar 14 00:59:42 ihartlinux kernel: [    0.000000]  [mem 0x40000000-0x40003fff] page 4k
Mar 14 00:59:42 ihartlinux kernel: [    0.000000] BRK [0x01fd6000, 0x01fd6fff] PGTABLE
Mar 14 00:59:42 ihartlinux kernel: [    0.000000] init_memory_mapping: [mem 0x40005000-0xa9dbefff]
Mar 14 00:59:42 ihartlinux kernel: [    0.000000]  [mem 0x40005000-0x401fffff] page 4k
Mar 14 00:59:42 ihartlinux kernel: [    0.000000]  [mem 0x40200000-0xa9bfffff] page 2M
Mar 14 00:59:42 ihartlinux kernel: [    0.000000]  [mem 0xa9c00000-0xa9dbefff] page 4k
Mar 14 00:59:42 ihartlinux kernel: [    0.000000] init_memory_mapping: [mem 0xaafff000-0xaaffffff]
Mar 14 00:59:42 ihartlinux kernel: [    0.000000]  [mem 0xaafff000-0xaaffffff] page 4k
Mar 14 00:59:42 ihartlinux kernel: [    0.000000] init_memory_mapping: [mem 0x100000000-0x1ffffffff]
Mar 14 00:59:42 ihartlinux kernel: [    0.000000]  [mem 0x100000000-0x1ffffffff] page 2M
Mar 14 00:59:42 ihartlinux kernel: [    0.000000] RAMDISK: [mem 0x3e7c7000-0x3fffafff]
Mar 14 00:59:42 ihartlinux kernel: [    0.000000] ACPI: RSDP 00000000aaffe014 00024 (v02 HPQOEM)
Mar 14 00:59:42 ihartlinux kernel: [    0.000000] ACPI: XSDT 00000000aaffe210 000A4 (v01 HPQOEM SLIC-MPC 00000001 HP   01000013)
Mar 14 00:59:42 ihartlinux kernel: [    0.000000] ACPI: FACP 00000000aaffb000 0010C (v05 HPQOEM SLIC-MPC 00000001 HP   00040000)
Mar 14 00:59:42 ihartlinux kernel: [    0.000000] ACPI: DSDT 00000000aafe7000 10C65 (v01 HPQOEM 1960     00000000 ACPI 00040000)
Mar 14 00:59:42 ihartlinux kernel: [    0.000000] ACPI: FACS 00000000aafba000 00040
Mar 14 00:59:42 ihartlinux kernel: [    0.000000] ACPI: UEFI 00000000aaffd000 00236 (v01 HPQOEM 1960     00000001 HP   00040000)
Mar 14 00:59:42 ihartlinux kernel: [    0.000000] ACPI: ASF! 00000000aaffc000 000A5 (v32 HPQOEM 1960     00000001 HP   00040000)
Mar 14 00:59:42 ihartlinux kernel: [    0.000000] ACPI: HPET 00000000aaffa000 00038 (v01 HPQOEM 1960     00000001 HP   00040000)
Mar 14 00:59:42 ihartlinux kernel: [    0.000000] ACPI: APIC 00000000aaff9000 0008C (v03 HPQOEM 1960     00000001 HP   00040000)
Mar 14 00:59:42 ihartlinux kernel: [    0.000000] ACPI: MCFG 00000000aaff8000 0003C (v01 HPQOEM 1960     00000001 HP   00040000)
Mar 14 00:59:42 ihartlinux kernel: [    0.000000] ACPI: SSDT 00000000aafe5000 01066 (v01 HPQOEM 1960     00001000 ACPI 00040000)
Mar 14 00:59:42 ihartlinux kernel: [    0.000000] ACPI: BOOT 00000000aafe3000 00028 (v01 HPQOEM 1960     00000001 HP   00040000)
Mar 14 00:59:42 ihartlinux kernel: [    0.000000] ACPI: SSDT 00000000aafe2000 00486 (v01 HPQOEM 1960     00001000 ACPI 00040000)
Mar 14 00:59:42 ihartlinux kernel: [    0.000000] ACPI: ASPT 00000000aafe0000 00034 (v07 HPQOEM 1960     00000001 HP   00040000)
Mar 14 00:59:42 ihartlinux kernel: [    0.000000] ACPI: DBGP 00000000aafdf000 00034 (v01 HPQOEM 1960     00000001 HP   00040000)
Mar 14 00:59:42 ihartlinux kernel: [    0.000000] ACPI: FPDT 00000000aafdd000 00044 (v01 HPQOEM 1960     00000001 HP   00040000)
Mar 14 00:59:42 ihartlinux kernel: [    0.000000] ACPI: MSDM 00000000aafdc000 00055 (v03 HPQOEM SLIC-MPC 00000001 HP   00040000)
Mar 14 00:59:42 ihartlinux kernel: [    0.000000] ACPI: SSDT 00000000aafdb000 009AA (v01 HPQOEM 1960     00003000 ACPI 00040000)
Mar 14 00:59:42 ihartlinux kernel: [    0.000000] ACPI: SSDT 00000000aafda000 00B22 (v01 HPQOEM 1960     00003000 ACPI 00040000)
Mar 14 00:59:42 ihartlinux kernel: [    0.000000] ACPI: BGRT 00000000aafd9000 00038 (v01 HPQOEM 1960     00000001 HP   00040000)
Mar 14 00:59:42 ihartlinux kernel: [    0.000000] ACPI: Local APIC address 0xfee00000
Mar 14 00:59:42 ihartlinux kernel: [    0.000000] No NUMA configuration found
Mar 14 00:59:42 ihartlinux kernel: [    0.000000] Faking a node at [mem 0x0000000000000000-0x000000024f5fffff]
Mar 14 00:59:42 ihartlinux kernel: [    0.000000] Initmem setup node 0 [mem 0x00000000-0x24f5fffff]
Mar 14 00:59:42 ihartlinux kernel: [    0.000000]   NODE_DATA [mem 0x24f5f3000-0x24f5f7fff]
Mar 14 00:59:42 ihartlinux kernel: [    0.000000]  [ffffea0000000000-ffffea00093fffff] PMD -> [ffff880246c00000-ffff88024ebfffff] on node 0
Mar 14 00:59:42 ihartlinux kernel: [    0.000000] Zone ranges:
Mar 14 00:59:42 ihartlinux kernel: [    0.000000]   DMA      [mem 0x00001000-0x00ffffff]
Mar 14 00:59:42 ihartlinux kernel: [    0.000000]   DMA32    [mem 0x01000000-0xffffffff]
Mar 14 00:59:42 ihartlinux kernel: [    0.000000]   Normal   [mem 0x100000000-0x24f5fffff]
Mar 14 00:59:42 ihartlinux kernel: [    0.000000] Movable zone start for each node
Mar 14 00:59:42 ihartlinux kernel: [    0.000000] Early memory node ranges
Mar 14 00:59:42 ihartlinux kernel: [    0.000000]   node   0: [mem 0x00001000-0x00087fff]
Mar 14 00:59:42 ihartlinux kernel: [    0.000000]   node   0: [mem 0x00100000-0x1fffffff]
Mar 14 00:59:42 ihartlinux kernel: [    0.000000]   node   0: [mem 0x20200000-0x40003fff]
Mar 14 00:59:42 ihartlinux kernel: [    0.000000]   node   0: [mem 0x40005000-0xa9dbefff]
Mar 14 00:59:42 ihartlinux kernel: [    0.000000]   node   0: [mem 0xaafff000-0xaaffffff]
Mar 14 00:59:42 ihartlinux kernel: [    0.000000]   node   0: [mem 0x100000000-0x24f5fffff]
Mar 14 00:59:42 ihartlinux kernel: [    0.000000] On node 0 totalpages: 2068806
Mar 14 00:59:42 ihartlinux kernel: [    0.000000]   DMA zone: 64 pages used for memmap
Mar 14 00:59:42 ihartlinux kernel: [    0.000000]   DMA zone: 22 pages reserved
Mar 14 00:59:42 ihartlinux kernel: [    0.000000]   DMA zone: 3975 pages, LIFO batch:0
Mar 14 00:59:42 ihartlinux kernel: [    0.000000]   DMA32 zone: 10799 pages used for memmap
Mar 14 00:59:42 ihartlinux kernel: [    0.000000]   DMA32 zone: 691135 pages, LIFO batch:31
Mar 14 00:59:42 ihartlinux kernel: [    0.000000]   Normal zone: 21464 pages used for memmap
Mar 14 00:59:42 ihartlinux kernel: [    0.000000]   Normal zone: 1373696 pages, LIFO batch:31
Mar 14 00:59:42 ihartlinux kernel: [    0.000000] tboot: non-0 tboot_addr but it is not of type E820_RESERVED
Mar 14 00:59:42 ihartlinux kernel: [    0.000000] ACPI: PM-Timer IO Port: 0x408
Mar 14 00:59:42 ihartlinux kernel: [    0.000000] ACPI: Local APIC address 0xfee00000
Mar 14 00:59:42 ihartlinux kernel: [    0.000000] ACPI: LAPIC (acpi_id[0x01] lapic_id[0x00] enabled)
Mar 14 00:59:42 ihartlinux kernel: [    0.000000] ACPI: LAPIC (acpi_id[0x02] lapic_id[0x01] enabled)
Mar 14 00:59:42 ihartlinux kernel: [    0.000000] ACPI: LAPIC (acpi_id[0x03] lapic_id[0x02] enabled)
Mar 14 00:59:42 ihartlinux kernel: [    0.000000] ACPI: LAPIC (acpi_id[0x04] lapic_id[0x03] enabled)
Mar 14 00:59:42 ihartlinux kernel: [    0.000000] ACPI: LAPIC (acpi_id[0x05] lapic_id[0x00] disabled)
Mar 14 00:59:42 ihartlinux kernel: [    0.000000] ACPI: LAPIC (acpi_id[0x06] lapic_id[0x00] disabled)
Mar 14 00:59:42 ihartlinux kernel: [    0.000000] ACPI: LAPIC (acpi_id[0x07] lapic_id[0x00] disabled)
Mar 14 00:59:42 ihartlinux kernel: [    0.000000] ACPI: LAPIC (acpi_id[0x08] lapic_id[0x00] disabled)
Mar 14 00:59:42 ihartlinux kernel: [    0.000000] ACPI: IOAPIC (id[0x00] address[0xfec00000] gsi_base[0])
Mar 14 00:59:42 ihartlinux kernel: [    0.000000] IOAPIC[0]: apic_id 0, version 32, address 0xfec00000, GSI 0-23
Mar 14 00:59:42 ihartlinux kernel: [    0.000000] ACPI: INT_SRC_OVR (bus 0 bus_irq 0 global_irq 2 dfl dfl)
Mar 14 00:59:42 ihartlinux kernel: [    0.000000] ACPI: INT_SRC_OVR (bus 0 bus_irq 9 global_irq 9 high level)
Mar 14 00:59:42 ihartlinux kernel: [    0.000000] ACPI: IRQ0 used by override.
Mar 14 00:59:42 ihartlinux kernel: [    0.000000] ACPI: IRQ2 used by override.
Mar 14 00:59:42 ihartlinux kernel: [    0.000000] ACPI: IRQ9 used by override.
Mar 14 00:59:42 ihartlinux kernel: [    0.000000] Using ACPI (MADT) for SMP configuration information
Mar 14 00:59:42 ihartlinux kernel: [    0.000000] ACPI: HPET id: 0x8086a201 base: 0xfed00000
Mar 14 00:59:42 ihartlinux kernel: [    0.000000] smpboot: Allowing 8 CPUs, 4 hotplug CPUs
Mar 14 00:59:42 ihartlinux kernel: [    0.000000] nr_irqs_gsi: 40
Mar 14 00:59:42 ihartlinux kernel: [    0.000000] PM: Registered nosave memory: [mem 0x00088000-0x000bffff]
Mar 14 00:59:42 ihartlinux kernel: [    0.000000] PM: Registered nosave memory: [mem 0x000c0000-0x000fffff]
Mar 14 00:59:42 ihartlinux kernel: [    0.000000] PM: Registered nosave memory: [mem 0x20000000-0x201fffff]
Mar 14 00:59:42 ihartlinux kernel: [    0.000000] PM: Registered nosave memory: [mem 0x40004000-0x40004fff]
Mar 14 00:59:42 ihartlinux kernel: [    0.000000] PM: Registered nosave memory: [mem 0xa004d000-0xa004dfff]
Mar 14 00:59:42 ihartlinux kernel: [    0.000000] PM: Registered nosave memory: [mem 0xa005d000-0xa005dfff]
Mar 14 00:59:42 ihartlinux kernel: [    0.000000] PM: Registered nosave memory: [mem 0xa9dbf000-0xaaebefff]
Mar 14 00:59:42 ihartlinux kernel: [    0.000000] PM: Registered nosave memory: [mem 0xaaebf000-0xaafbefff]
Mar 14 00:59:42 ihartlinux kernel: [    0.000000] PM: Registered nosave memory: [mem 0xaafbf000-0xaaffefff]
Mar 14 00:59:42 ihartlinux kernel: [    0.000000] PM: Registered nosave memory: [mem 0xab000000-0xaf9fffff]
Mar 14 00:59:42 ihartlinux kernel: [    0.000000] PM: Registered nosave memory: [mem 0xafa00000-0xdfffffff]
Mar 14 00:59:42 ihartlinux kernel: [    0.000000] PM: Registered nosave memory: [mem 0xe0000000-0xefffffff]
Mar 14 00:59:42 ihartlinux kernel: [    0.000000] PM: Registered nosave memory: [mem 0xf0000000-0xfeafffff]
Mar 14 00:59:42 ihartlinux kernel: [    0.000000] PM: Registered nosave memory: [mem 0xfeb00000-0xfeb03fff]
Mar 14 00:59:42 ihartlinux kernel: [    0.000000] PM: Registered nosave memory: [mem 0xfeb04000-0xfebfffff]
Mar 14 00:59:42 ihartlinux kernel: [    0.000000] PM: Registered nosave memory: [mem 0xfec00000-0xfec00fff]
Mar 14 00:59:42 ihartlinux kernel: [    0.000000] PM: Registered nosave memory: [mem 0xfec01000-0xfed0ffff]
Mar 14 00:59:42 ihartlinux kernel: [    0.000000] PM: Registered nosave memory: [mem 0xfed10000-0xfed19fff]
Mar 14 00:59:42 ihartlinux kernel: [    0.000000] PM: Registered nosave memory: [mem 0xfed1a000-0xfed1bfff]
Mar 14 00:59:42 ihartlinux kernel: [    0.000000] PM: Registered nosave memory: [mem 0xfed1c000-0xfed1ffff]
Mar 14 00:59:42 ihartlinux kernel: [    0.000000] PM: Registered nosave memory: [mem 0xfed20000-0xfedfffff]
Mar 14 00:59:42 ihartlinux kernel: [    0.000000] PM: Registered nosave memory: [mem 0xfee00000-0xfee00fff]
Mar 14 00:59:42 ihartlinux kernel: [    0.000000] PM: Registered nosave memory: [mem 0xfee01000-0xffafffff]
Mar 14 00:59:42 ihartlinux kernel: [    0.000000] PM: Registered nosave memory: [mem 0xffb00000-0xffffffff]
Mar 14 00:59:42 ihartlinux kernel: [    0.000000] e820: [mem 0xafa00000-0xdfffffff] available for PCI devices
Mar 14 00:59:42 ihartlinux kernel: [    0.000000] Booting paravirtualized kernel on bare hardware
Mar 14 00:59:42 ihartlinux kernel: [    0.000000] setup_percpu: NR_CPUS:256 nr_cpumask_bits:256 nr_cpu_ids:8 nr_node_ids:1
Mar 14 00:59:42 ihartlinux kernel: [    0.000000] PERCPU: Embedded 29 pages/cpu @ffff88024f200000 s86720 r8192 d23872 u262144
Mar 14 00:59:42 ihartlinux kernel: [    0.000000] pcpu-alloc: s86720 r8192 d23872 u262144 alloc=1*2097152
Mar 14 00:59:42 ihartlinux kernel: [    0.000000] pcpu-alloc: [0] 0 1 2 3 4 5 6 7 
Mar 14 00:59:42 ihartlinux kernel: [    0.000000] Built 1 zonelists in Zone order, mobility grouping on.  Total pages: 2036457
Mar 14 00:59:42 ihartlinux kernel: [    0.000000] Policy zone: Normal
Mar 14 00:59:42 ihartlinux kernel: [    0.000000] Kernel command line: BOOT_IMAGE=/boot/vmlinuz-3.11.0-18-generic.efi.signed root=UUID=3ef175d1-fafa-4e94-9a9a-62ee335a63c1 ro quiet splash vt.handoff=7
Mar 14 00:59:42 ihartlinux kernel: [    0.000000] PID hash table entries: 4096 (order: 3, 32768 bytes)
Mar 14 00:59:42 ihartlinux kernel: [    0.000000] xsave: enabled xstate_bv 0x7, cntxt size 0x340
Mar 14 00:59:42 ihartlinux kernel: [    0.000000] Checking aperture...
Mar 14 00:59:42 ihartlinux kernel: [    0.000000] No AGP bridge found
Mar 14 00:59:42 ihartlinux kernel: [    0.000000] Calgary: detecting Calgary via BIOS EBDA area
Mar 14 00:59:42 ihartlinux kernel: [    0.000000] Calgary: Unable to locate Rio Grande table in EBDA - bailing!
Mar 14 00:59:42 ihartlinux kernel: [    0.000000] Memory: 7966208K/8275224K available (7154K kernel code, 1083K rwdata, 3312K rodata, 1364K init, 1420K bss, 309016K reserved)
Mar 14 00:59:42 ihartlinux kernel: [    0.000000] SLUB: HWalign=64, Order=0-3, MinObjects=0, CPUs=8, Nodes=1
Mar 14 00:59:42 ihartlinux kernel: [    0.000000] Hierarchical RCU implementation.
Mar 14 00:59:42 ihartlinux kernel: [    0.000000] 	RCU dyntick-idle grace-period acceleration is enabled.
Mar 14 00:59:42 ihartlinux kernel: [    0.000000] 	RCU restricting CPUs from NR_CPUS=256 to nr_cpu_ids=8.
Mar 14 00:59:42 ihartlinux kernel: [    0.000000] 	Offload RCU callbacks from all CPUs
Mar 14 00:59:42 ihartlinux kernel: [    0.000000] 	Offload RCU callbacks from CPUs: 0-255.
Mar 14 00:59:42 ihartlinux kernel: [    0.000000] NR_IRQS:16640 nr_irqs:744 16
Mar 14 00:59:42 ihartlinux kernel: [    0.000000] Console: colour dummy device 80x25
Mar 14 00:59:42 ihartlinux kernel: [    0.000000] console [tty0] enabled
Mar 14 00:59:42 ihartlinux kernel: [    0.000000] allocated 33554432 bytes of page_cgroup
Mar 14 00:59:42 ihartlinux kernel: [    0.000000] please try 'cgroup_disable=memory' option if you don't want memory cgroups
Mar 14 00:59:42 ihartlinux kernel: [    0.000000] hpet clockevent registered
Mar 14 00:59:42 ihartlinux kernel: [    0.000000] tsc: Fast TSC calibration using PIT
Mar 14 00:59:42 ihartlinux kernel: [    0.004000] tsc: Detected 2593.950 MHz processor
Mar 14 00:59:42 ihartlinux kernel: [    0.000002] Calibrating delay loop (skipped), value calculated using timer frequency.. 5187.90 BogoMIPS (lpj=10375800)
Mar 14 00:59:42 ihartlinux kernel: [    0.000004] pid_max: default: 32768 minimum: 301
Mar 14 00:59:42 ihartlinux kernel: [    0.000017] init_memory_mapping: [mem 0xa9dbf000-0xaa1befff]
Mar 14 00:59:42 ihartlinux kernel: [    0.000019]  [mem 0xa9dbf000-0xa9dfffff] page 4k
Mar 14 00:59:42 ihartlinux kernel: [    0.000019]  [mem 0xa9e00000-0xa9ffffff] page 2M
Mar 14 00:59:42 ihartlinux kernel: [    0.000020]  [mem 0xaa000000-0xaa1befff] page 4k
Mar 14 00:59:42 ihartlinux kernel: [    0.000041] init_memory_mapping: [mem 0xaa1bf000-0xaa3befff]
Mar 14 00:59:42 ihartlinux kernel: [    0.000042]  [mem 0xaa1bf000-0xaa3befff] page 4k
Mar 14 00:59:42 ihartlinux kernel: [    0.044199] Security Framework initialized
Mar 14 00:59:42 ihartlinux kernel: [    0.044218] AppArmor: AppArmor initialized
Mar 14 00:59:42 ihartlinux kernel: [    0.044219] Yama: becoming mindful.
Mar 14 00:59:42 ihartlinux kernel: [    0.044650] Dentry cache hash table entries: 1048576 (order: 11, 8388608 bytes)
Mar 14 00:59:42 ihartlinux kernel: [    0.046524] Inode-cache hash table entries: 524288 (order: 10, 4194304 bytes)
Mar 14 00:59:42 ihartlinux kernel: [    0.047351] Mount-cache hash table entries: 256
Mar 14 00:59:42 ihartlinux kernel: [    0.047498] Initializing cgroup subsys memory
Mar 14 00:59:42 ihartlinux kernel: [    0.047505] Initializing cgroup subsys devices
Mar 14 00:59:42 ihartlinux kernel: [    0.047506] Initializing cgroup subsys freezer
Mar 14 00:59:42 ihartlinux kernel: [    0.047507] Initializing cgroup subsys blkio
Mar 14 00:59:42 ihartlinux kernel: [    0.047509] Initializing cgroup subsys perf_event
Mar 14 00:59:42 ihartlinux kernel: [    0.047511] Initializing cgroup subsys hugetlb
Mar 14 00:59:42 ihartlinux kernel: [    0.047529] CPU: Physical Processor ID: 0
Mar 14 00:59:42 ihartlinux kernel: [    0.047529] CPU: Processor Core ID: 0
Mar 14 00:59:42 ihartlinux kernel: [    0.047533] ENERGY_PERF_BIAS: Set to 'normal', was 'performance'
Mar 14 00:59:42 ihartlinux kernel: [    0.047533] ENERGY_PERF_BIAS: View and update with x86_energy_perf_policy(8)
Mar 14 00:59:42 ihartlinux kernel: [    0.047879] mce: CPU supports 7 MCE banks
Mar 14 00:59:42 ihartlinux kernel: [    0.047888] CPU0: Thermal monitoring enabled (TM1)
Mar 14 00:59:42 ihartlinux kernel: [    0.047896] Last level iTLB entries: 4KB 512, 2MB 0, 4MB 0
Mar 14 00:59:42 ihartlinux kernel: [    0.047896] Last level dTLB entries: 4KB 512, 2MB 32, 4MB 32
Mar 14 00:59:42 ihartlinux kernel: [    0.047896] tlb_flushall_shift: 1
Mar 14 00:59:42 ihartlinux kernel: [    0.048012] Freeing SMP alternatives memory: 28K (ffffffff81e65000 - ffffffff81e6c000)
Mar 14 00:59:42 ihartlinux kernel: [    0.049979] ACPI: Core revision 20130517
Mar 14 00:59:42 ihartlinux kernel: [    0.055951] ACPI: All ACPI Tables successfully acquired
Mar 14 00:59:42 ihartlinux kernel: [    0.092734] ftrace: allocating 27858 entries in 109 pages
Mar 14 00:59:42 ihartlinux kernel: [    0.105417] ..TIMER: vector=0x30 apic1=0 pin1=2 apic2=-1 pin2=-1
Mar 14 00:59:42 ihartlinux kernel: [    0.145126] smpboot: CPU0: Intel(R) Core(TM) i5-3230M CPU @ 2.60GHz (fam: 06, model: 3a, stepping: 09)
Mar 14 00:59:42 ihartlinux kernel: [    0.145133] TSC deadline timer enabled
Mar 14 00:59:42 ihartlinux kernel: [    0.145143] Performance Events: PEBS fmt1+, 16-deep LBR, IvyBridge events, full-width counters, Intel PMU driver.
Mar 14 00:59:42 ihartlinux kernel: [    0.145149] ... version:                3
Mar 14 00:59:42 ihartlinux kernel: [    0.145150] ... bit width:              48
Mar 14 00:59:42 ihartlinux kernel: [    0.145151] ... generic registers:      4
Mar 14 00:59:42 ihartlinux kernel: [    0.145152] ... value mask:             0000ffffffffffff
Mar 14 00:59:42 ihartlinux kernel: [    0.145153] ... max period:             0000ffffffffffff
Mar 14 00:59:42 ihartlinux kernel: [    0.145154] ... fixed-purpose events:   3
Mar 14 00:59:42 ihartlinux kernel: [    0.145154] ... event mask:             000000070000000f
Mar 14 00:59:42 ihartlinux kernel: [    0.159906] NMI watchdog: enabled on all CPUs, permanently consumes one hw-PMU counter.
Mar 14 00:59:42 ihartlinux kernel: [    0.146487] smpboot: Booting Node   0, Processors  #1 #2 #3
Mar 14 00:59:42 ihartlinux kernel: [    0.186962] Brought up 4 CPUs
Mar 14 00:59:42 ihartlinux kernel: [    0.186965] smpboot: Total of 4 processors activated (20751.60 BogoMIPS)
Mar 14 00:59:42 ihartlinux kernel: [    0.189980] devtmpfs: initialized
Mar 14 00:59:42 ihartlinux kernel: [    0.190898] EVM: security.selinux
Mar 14 00:59:42 ihartlinux kernel: [    0.190899] EVM: security.SMACK64
Mar 14 00:59:42 ihartlinux kernel: [    0.190900] EVM: security.capability
Mar 14 00:59:42 ihartlinux kernel: [    0.190941] PM: Registering ACPI NVS region [mem 0xaaebf000-0xaafbefff] (1048576 bytes)
Mar 14 00:59:42 ihartlinux kernel: [    0.191669] regulator-dummy: no parameters
Mar 14 00:59:42 ihartlinux kernel: [    0.191716] RTC time:  7:59:20, date: 03/14/14
Mar 14 00:59:42 ihartlinux kernel: [    0.191744] NET: Registered protocol family 16
Mar 14 00:59:42 ihartlinux kernel: [    0.191857] ACPI FADT declares the system doesn't support PCIe ASPM, so disable it
Mar 14 00:59:42 ihartlinux kernel: [    0.191859] ACPI: bus type PCI registered
Mar 14 00:59:42 ihartlinux kernel: [    0.191860] acpiphp: ACPI Hot Plug PCI Controller Driver version: 0.5
Mar 14 00:59:42 ihartlinux kernel: [    0.191909] PCI: MMCONFIG for domain 0000 [bus 00-ff] at [mem 0xe0000000-0xefffffff] (base 0xe0000000)
Mar 14 00:59:42 ihartlinux kernel: [    0.191911] PCI: MMCONFIG at [mem 0xe0000000-0xefffffff] reserved in E820
Mar 14 00:59:42 ihartlinux kernel: [    0.215285] PCI: Using configuration type 1 for base access
Mar 14 00:59:42 ihartlinux kernel: [    0.216018] bio: create slab <bio-0> at 0
Mar 14 00:59:42 ihartlinux kernel: [    0.216138] ACPI: Added _OSI(Module Device)
Mar 14 00:59:42 ihartlinux kernel: [    0.216140] ACPI: Added _OSI(Processor Device)
Mar 14 00:59:42 ihartlinux kernel: [    0.216141] ACPI: Added _OSI(3.0 _SCP Extensions)
Mar 14 00:59:42 ihartlinux kernel: [    0.216142] ACPI: Added _OSI(Processor Aggregator Device)
Mar 14 00:59:42 ihartlinux kernel: [    0.217489] ACPI: EC: Look up EC in DSDT
Mar 14 00:59:42 ihartlinux kernel: [    0.218795] ACPI: Executed 1 blocks of module-level executable AML code
Mar 14 00:59:42 ihartlinux kernel: [    0.223060] [Firmware Bug]: ACPI: BIOS _OSI(Linux) query ignored
Mar 14 00:59:42 ihartlinux kernel: [    0.324868] ACPI: SSDT 00000000aae19018 0083B (v01  PmRef  Cpu0Cst 00003001 INTL 20130117)
Mar 14 00:59:42 ihartlinux kernel: [    0.325214] ACPI: Dynamic OEM Table Load:
Mar 14 00:59:42 ihartlinux kernel: [    0.325215] ACPI: SSDT           (null) 0083B (v01  PmRef  Cpu0Cst 00003001 INTL 20130117)
Mar 14 00:59:42 ihartlinux kernel: [    0.329801] ACPI: SSDT 00000000aae5ba98 00303 (v01  PmRef    ApIst 00003000 INTL 20130117)
Mar 14 00:59:42 ihartlinux kernel: [    0.330172] ACPI: Dynamic OEM Table Load:
Mar 14 00:59:42 ihartlinux kernel: [    0.330173] ACPI: SSDT           (null) 00303 (v01  PmRef    ApIst 00003000 INTL 20130117)
Mar 14 00:59:42 ihartlinux kernel: [    0.333691] ACPI: SSDT 00000000aae18d98 00119 (v01  PmRef    ApCst 00003000 INTL 20130117)
Mar 14 00:59:42 ihartlinux kernel: [    0.334033] ACPI: Dynamic OEM Table Load:
Mar 14 00:59:42 ihartlinux kernel: [    0.334035] ACPI: SSDT           (null) 00119 (v01  PmRef    ApCst 00003000 INTL 20130117)
Mar 14 00:59:42 ihartlinux kernel: [    2.271099] ACPI: Interpreter enabled
Mar 14 00:59:42 ihartlinux kernel: [    2.271106] ACPI Exception: AE_NOT_FOUND, While evaluating Sleep State [\_S1_] (20130517/hwxface-571)
Mar 14 00:59:42 ihartlinux kernel: [    2.271110] ACPI Exception: AE_NOT_FOUND, While evaluating Sleep State [\_S2_] (20130517/hwxface-571)
Mar 14 00:59:42 ihartlinux kernel: [    2.271125] ACPI: (supports S0 S3 S4 S5)
Mar 14 00:59:42 ihartlinux kernel: [    2.271126] ACPI: Using IOAPIC for interrupt routing
Mar 14 00:59:42 ihartlinux kernel: [    2.271151] PCI: Using host bridge windows from ACPI; if necessary, use "pci=nocrs" and report a bug
Mar 14 00:59:42 ihartlinux kernel: [    2.271250] ACPI: No dock devices found.
Mar 14 00:59:42 ihartlinux kernel: [    2.276170] ACPI: Power Resource [FN00] (on)
Mar 14 00:59:42 ihartlinux kernel: [    2.276669] ACPI: PCI Root Bridge [PCI0] (domain 0000 [bus 00-fe])
Mar 14 00:59:42 ihartlinux kernel: [    2.276728] \_SB_.PCI0:_OSC invalid UUID
Mar 14 00:59:42 ihartlinux kernel: [    2.276729] _OSC request data:1 8 0 
Mar 14 00:59:42 ihartlinux kernel: [    2.276768] \_SB_.PCI0:_OSC invalid UUID
Mar 14 00:59:42 ihartlinux kernel: [    2.276769] _OSC request data:1 1f 0 
Mar 14 00:59:42 ihartlinux kernel: [    2.276772] acpi PNP0A08:00: ACPI _OSC support notification failed, disabling PCIe ASPM
Mar 14 00:59:42 ihartlinux kernel: [    2.276774] acpi PNP0A08:00: Unable to request _OSC control (_OSC support mask: 0x08)
Mar 14 00:59:42 ihartlinux kernel: [    2.277080] PCI host bridge to bus 0000:00
Mar 14 00:59:42 ihartlinux kernel: [    2.277083] pci_bus 0000:00: root bus resource [bus 00-fe]
Mar 14 00:59:42 ihartlinux kernel: [    2.277084] pci_bus 0000:00: root bus resource [io  0x0000-0x0cf7]
Mar 14 00:59:42 ihartlinux kernel: [    2.277086] pci_bus 0000:00: root bus resource [io  0x0d00-0xffff]
Mar 14 00:59:42 ihartlinux kernel: [    2.277087] pci_bus 0000:00: root bus resource [mem 0x000a0000-0x000bffff]
Mar 14 00:59:42 ihartlinux kernel: [    2.277089] pci_bus 0000:00: root bus resource [mem 0x000c0000-0x000c3fff]
Mar 14 00:59:42 ihartlinux kernel: [    2.277090] pci_bus 0000:00: root bus resource [mem 0x000c4000-0x000c7fff]
Mar 14 00:59:42 ihartlinux kernel: [    2.277091] pci_bus 0000:00: root bus resource [mem 0x000c8000-0x000cbfff]
Mar 14 00:59:42 ihartlinux kernel: [    2.277093] pci_bus 0000:00: root bus resource [mem 0x000cc000-0x000cffff]
Mar 14 00:59:42 ihartlinux kernel: [    2.277094] pci_bus 0000:00: root bus resource [mem 0x000d0000-0x000d3fff]
Mar 14 00:59:42 ihartlinux kernel: [    2.277097] pci_bus 0000:00: root bus resource [mem 0x000d4000-0x000d7fff]
Mar 14 00:59:42 ihartlinux kernel: [    2.277098] pci_bus 0000:00: root bus resource [mem 0x000d8000-0x000dbfff]
Mar 14 00:59:42 ihartlinux kernel: [    2.277099] pci_bus 0000:00: root bus resource [mem 0x000dc000-0x000dffff]
Mar 14 00:59:42 ihartlinux kernel: [    2.277101] pci_bus 0000:00: root bus resource [mem 0x000e0000-0x000e3fff]
Mar 14 00:59:42 ihartlinux kernel: [    2.277102] pci_bus 0000:00: root bus resource [mem 0x000e4000-0x000e7fff]
Mar 14 00:59:42 ihartlinux kernel: [    2.277103] pci_bus 0000:00: root bus resource [mem 0x000e8000-0x000ebfff]
Mar 14 00:59:42 ihartlinux kernel: [    2.277105] pci_bus 0000:00: root bus resource [mem 0x000ec000-0x000effff]
Mar 14 00:59:42 ihartlinux kernel: [    2.277106] pci_bus 0000:00: root bus resource [mem 0x000f0000-0x000fffff]
Mar 14 00:59:42 ihartlinux kernel: [    2.277107] pci_bus 0000:00: root bus resource [mem 0xafa00000-0xfeafffff]
Mar 14 00:59:42 ihartlinux kernel: [    2.277115] pci 0000:00:00.0: [8086:0154] type 00 class 0x060000
Mar 14 00:59:42 ihartlinux kernel: [    2.277194] pci 0000:00:02.0: [8086:0166] type 00 class 0x030000
Mar 14 00:59:42 ihartlinux kernel: [    2.277204] pci 0000:00:02.0: reg 0x10: [mem 0xc2000000-0xc23fffff 64bit]
Mar 14 00:59:42 ihartlinux kernel: [    2.277211] pci 0000:00:02.0: reg 0x18: [mem 0xb0000000-0xbfffffff 64bit pref]
Mar 14 00:59:42 ihartlinux kernel: [    2.277215] pci 0000:00:02.0: reg 0x20: [io  0x5000-0x503f]
Mar 14 00:59:42 ihartlinux kernel: [    2.277306] pci 0000:00:14.0: [8086:1e31] type 00 class 0x0c0330
Mar 14 00:59:42 ihartlinux kernel: [    2.277329] pci 0000:00:14.0: reg 0x10: [mem 0xc2700000-0xc270ffff 64bit]
Mar 14 00:59:42 ihartlinux kernel: [    2.277399] pci 0000:00:14.0: PME# supported from D3hot D3cold
Mar 14 00:59:42 ihartlinux kernel: [    2.277439] pci 0000:00:14.0: System wakeup disabled by ACPI
Mar 14 00:59:42 ihartlinux kernel: [    2.277470] pci 0000:00:16.0: [8086:1e3a] type 00 class 0x078000
Mar 14 00:59:42 ihartlinux kernel: [    2.277492] pci 0000:00:16.0: reg 0x10: [mem 0xc2714000-0xc271400f 64bit]
Mar 14 00:59:42 ihartlinux kernel: [    2.277569] pci 0000:00:16.0: PME# supported from D0 D3hot D3cold
Mar 14 00:59:42 ihartlinux kernel: [    2.277642] pci 0000:00:1a.0: [8086:1e2d] type 00 class 0x0c0320
Mar 14 00:59:42 ihartlinux kernel: [    2.277664] pci 0000:00:1a.0: reg 0x10: [mem 0xc2719000-0xc27193ff]
Mar 14 00:59:42 ihartlinux kernel: [    2.277754] pci 0000:00:1a.0: PME# supported from D0 D3hot D3cold
Mar 14 00:59:42 ihartlinux kernel: [    2.277806] pci 0000:00:1a.0: System wakeup disabled by ACPI
Mar 14 00:59:42 ihartlinux kernel: [    2.277838] pci 0000:00:1b.0: [8086:1e20] type 00 class 0x040300
Mar 14 00:59:42 ihartlinux kernel: [    2.277853] pci 0000:00:1b.0: reg 0x10: [mem 0xc2710000-0xc2713fff 64bit]
Mar 14 00:59:42 ihartlinux kernel: [    2.277921] pci 0000:00:1b.0: PME# supported from D0 D3hot D3cold
Mar 14 00:59:42 ihartlinux kernel: [    2.277963] pci 0000:00:1b.0: System wakeup disabled by ACPI
Mar 14 00:59:42 ihartlinux kernel: [    2.277990] pci 0000:00:1c.0: [8086:1e10] type 01 class 0x060400
Mar 14 00:59:42 ihartlinux kernel: [    2.278068] pci 0000:00:1c.0: PME# supported from D0 D3hot D3cold
Mar 14 00:59:42 ihartlinux kernel: [    2.278113] pci 0000:00:1c.0: System wakeup disabled by ACPI
Mar 14 00:59:42 ihartlinux kernel: [    2.278141] pci 0000:00:1c.2: [8086:1e14] type 01 class 0x060400
Mar 14 00:59:42 ihartlinux kernel: [    2.278218] pci 0000:00:1c.2: PME# supported from D0 D3hot D3cold
Mar 14 00:59:42 ihartlinux kernel: [    2.278262] pci 0000:00:1c.2: System wakeup disabled by ACPI
Mar 14 00:59:42 ihartlinux kernel: [    2.278288] pci 0000:00:1c.3: [8086:1e16] type 01 class 0x060400
Mar 14 00:59:42 ihartlinux kernel: [    2.278366] pci 0000:00:1c.3: PME# supported from D0 D3hot D3cold
Mar 14 00:59:42 ihartlinux kernel: [    2.278409] pci 0000:00:1c.3: System wakeup disabled by ACPI
Mar 14 00:59:42 ihartlinux kernel: [    2.278445] pci 0000:00:1d.0: [8086:1e26] type 00 class 0x0c0320
Mar 14 00:59:42 ihartlinux kernel: [    2.278466] pci 0000:00:1d.0: reg 0x10: [mem 0xc2718000-0xc27183ff]
Mar 14 00:59:42 ihartlinux kernel: [    2.278556] pci 0000:00:1d.0: PME# supported from D0 D3hot D3cold
Mar 14 00:59:42 ihartlinux kernel: [    2.278607] pci 0000:00:1d.0: System wakeup disabled by ACPI
Mar 14 00:59:42 ihartlinux kernel: [    2.278639] pci 0000:00:1f.0: [8086:1e57] type 00 class 0x060100
Mar 14 00:59:42 ihartlinux kernel: [    2.278802] pci 0000:00:1f.2: [8086:1e03] type 00 class 0x010601
Mar 14 00:59:42 ihartlinux kernel: [    2.278820] pci 0000:00:1f.2: reg 0x10: [io  0x5088-0x508f]
Mar 14 00:59:42 ihartlinux kernel: [    2.278829] pci 0000:00:1f.2: reg 0x14: [io  0x5094-0x5097]
Mar 14 00:59:42 ihartlinux kernel: [    2.278837] pci 0000:00:1f.2: reg 0x18: [io  0x5080-0x5087]
Mar 14 00:59:42 ihartlinux kernel: [    2.278845] pci 0000:00:1f.2: reg 0x1c: [io  0x5090-0x5093]
Mar 14 00:59:42 ihartlinux kernel: [    2.278852] pci 0000:00:1f.2: reg 0x20: [io  0x5060-0x507f]
Mar 14 00:59:42 ihartlinux kernel: [    2.278860] pci 0000:00:1f.2: reg 0x24: [mem 0xc2717000-0xc27177ff]
Mar 14 00:59:42 ihartlinux kernel: [    2.278906] pci 0000:00:1f.2: PME# supported from D3hot
Mar 14 00:59:42 ihartlinux kernel: [    2.278965] pci 0000:00:1f.3: [8086:1e22] type 00 class 0x0c0500
Mar 14 00:59:42 ihartlinux kernel: [    2.278980] pci 0000:00:1f.3: reg 0x10: [mem 0xc2715000-0xc27150ff 64bit]
Mar 14 00:59:42 ihartlinux kernel: [    2.279001] pci 0000:00:1f.3: reg 0x20: [io  0x5040-0x505f]
Mar 14 00:59:42 ihartlinux kernel: [    2.279199] pci 0000:01:00.0: [10ec:8179] type 00 class 0x028000
Mar 14 00:59:42 ihartlinux kernel: [    2.279226] pci 0000:01:00.0: reg 0x10: [io  0x4000-0x40ff]
Mar 14 00:59:42 ihartlinux kernel: [    2.279274] pci 0000:01:00.0: reg 0x18: [mem 0xc2600000-0xc2603fff 64bit]
Mar 14 00:59:42 ihartlinux kernel: [    2.279425] pci 0000:01:00.0: supports D1 D2
Mar 14 00:59:42 ihartlinux kernel: [    2.279427] pci 0000:01:00.0: PME# supported from D0 D1 D2 D3hot D3cold
Mar 14 00:59:42 ihartlinux kernel: [    2.279475] pci 0000:01:00.0: System wakeup disabled by ACPI
Mar 14 00:59:42 ihartlinux kernel: [    2.288029] pci 0000:00:1c.0: PCI bridge to [bus 01]
Mar 14 00:59:42 ihartlinux kernel: [    2.288034] pci 0000:00:1c.0:   bridge window [io  0x4000-0x4fff]
Mar 14 00:59:42 ihartlinux kernel: [    2.288038] pci 0000:00:1c.0:   bridge window [mem 0xc2600000-0xc26fffff]
Mar 14 00:59:42 ihartlinux kernel: [    2.288196] pci 0000:02:00.0: [10ec:5229] type 00 class 0xff0000
Mar 14 00:59:42 ihartlinux kernel: [    2.288264] pci 0000:02:00.0: reg 0x10: [mem 0xc1000000-0xc1000fff]
Mar 14 00:59:42 ihartlinux kernel: [    2.288755] pci 0000:02:00.0: supports D1 D2
Mar 14 00:59:42 ihartlinux kernel: [    2.288756] pci 0000:02:00.0: PME# supported from D1 D2 D3hot
Mar 14 00:59:42 ihartlinux kernel: [    2.288835] pci 0000:02:00.0: System wakeup disabled by ACPI
Mar 14 00:59:42 ihartlinux kernel: [    2.295968] pci 0000:00:1c.2: PCI bridge to [bus 02-07]
Mar 14 00:59:42 ihartlinux kernel: [    2.295986] pci 0000:00:1c.2:   bridge window [io  0x3000-0x3fff]
Mar 14 00:59:42 ihartlinux kernel: [    2.295990] pci 0000:00:1c.2:   bridge window [mem 0xc1000000-0xc1ffffff]
Mar 14 00:59:42 ihartlinux kernel: [    2.295996] pci 0000:00:1c.2:   bridge window [mem 0xc0000000-0xc0ffffff 64bit pref]
Mar 14 00:59:42 ihartlinux kernel: [    2.296079] pci 0000:08:00.0: [10ec:8168] type 00 class 0x020000
Mar 14 00:59:42 ihartlinux kernel: [    2.296099] pci 0000:08:00.0: reg 0x10: [io  0x2000-0x20ff]
Mar 14 00:59:42 ihartlinux kernel: [    2.296133] pci 0000:08:00.0: reg 0x18: [mem 0xc2500000-0xc2500fff 64bit]
Mar 14 00:59:42 ihartlinux kernel: [    2.296154] pci 0000:08:00.0: reg 0x20: [mem 0xc2400000-0xc2403fff 64bit pref]
Mar 14 00:59:42 ihartlinux kernel: [    2.296245] pci 0000:08:00.0: supports D1 D2
Mar 14 00:59:42 ihartlinux kernel: [    2.296247] pci 0000:08:00.0: PME# supported from D0 D1 D2 D3hot D3cold
Mar 14 00:59:42 ihartlinux kernel: [    2.296288] pci 0000:08:00.0: System wakeup disabled by ACPI
Mar 14 00:59:42 ihartlinux kernel: [    2.303936] pci 0000:00:1c.3: PCI bridge to [bus 08]
Mar 14 00:59:42 ihartlinux kernel: [    2.303943] pci 0000:00:1c.3:   bridge window [io  0x2000-0x2fff]
Mar 14 00:59:42 ihartlinux kernel: [    2.303950] pci 0000:00:1c.3:   bridge window [mem 0xc2500000-0xc25fffff]
Mar 14 00:59:42 ihartlinux kernel: [    2.303961] pci 0000:00:1c.3:   bridge window [mem 0xc2400000-0xc24fffff 64bit pref]
Mar 14 00:59:42 ihartlinux kernel: [    2.304357] ACPI: PCI Interrupt Link [LNKA] (IRQs 1 3 4 5 6 10 11 12 14 15) *0, disabled.
Mar 14 00:59:42 ihartlinux kernel: [    2.304403] ACPI: PCI Interrupt Link [LNKB] (IRQs 1 3 4 5 6 10 11 12 14 15) *0, disabled.
Mar 14 00:59:42 ihartlinux kernel: [    2.304446] ACPI: PCI Interrupt Link [LNKC] (IRQs 1 3 4 5 6 10 11 12 14 15) *0, disabled.
Mar 14 00:59:42 ihartlinux kernel: [    2.304489] ACPI: PCI Interrupt Link [LNKD] (IRQs 1 3 4 5 6 10 11 12 14 15) *0, disabled.
Mar 14 00:59:42 ihartlinux kernel: [    2.304532] ACPI: PCI Interrupt Link [LNKE] (IRQs 1 3 4 5 6 10 11 12 14 15) *0, disabled.
Mar 14 00:59:42 ihartlinux kernel: [    2.304574] ACPI: PCI Interrupt Link [LNKF] (IRQs 1 3 4 5 6 10 11 12 14 15) *0, disabled.
Mar 14 00:59:42 ihartlinux kernel: [    2.304617] ACPI: PCI Interrupt Link [LNKG] (IRQs 1 3 4 5 6 10 11 12 14 15) *0, disabled.
Mar 14 00:59:42 ihartlinux kernel: [    2.304659] ACPI: PCI Interrupt Link [LNKH] (IRQs 1 3 4 5 6 10 11 12 14 15) *0, disabled.
Mar 14 00:59:42 ihartlinux kernel: [    2.304975] ACPI: Enabled 5 GPEs in block 00 to 3F
Mar 14 00:59:42 ihartlinux kernel: [    2.304981] ACPI: \_SB_.PCI0: notify handler is installed
Mar 14 00:59:42 ihartlinux kernel: [    2.305042] Found 1 acpi root devices
Mar 14 00:59:42 ihartlinux kernel: [    2.305166] ACPI: EC: GPE = 0x17, I/O: command/status = 0x66, data = 0x62
Mar 14 00:59:42 ihartlinux kernel: [    2.305240] vgaarb: device added: PCI:0000:00:02.0,decodes=io+mem,owns=io+mem,locks=none
Mar 14 00:59:42 ihartlinux kernel: [    2.305243] vgaarb: loaded
Mar 14 00:59:42 ihartlinux kernel: [    2.305244] vgaarb: bridge control possible 0000:00:02.0
Mar 14 00:59:42 ihartlinux kernel: [    2.305366] SCSI subsystem initialized
Mar 14 00:59:42 ihartlinux kernel: [    2.305368] ACPI: bus type ATA registered
Mar 14 00:59:42 ihartlinux kernel: [    2.305408] libata version 3.00 loaded.
Mar 14 00:59:42 ihartlinux kernel: [    2.305432] ACPI: bus type USB registered
Mar 14 00:59:42 ihartlinux kernel: [    2.305445] usbcore: registered new interface driver usbfs
Mar 14 00:59:42 ihartlinux kernel: [    2.305452] usbcore: registered new interface driver hub
Mar 14 00:59:42 ihartlinux kernel: [    2.305472] usbcore: registered new device driver usb
Mar 14 00:59:42 ihartlinux kernel: [    2.305556] PCI: Using ACPI for IRQ routing
Mar 14 00:59:42 ihartlinux kernel: [    2.312814] PCI: pci_cache_line_size set to 64 bytes
Mar 14 00:59:42 ihartlinux kernel: [    2.312915] e820: reserve RAM buffer [mem 0x00088000-0x0008ffff]
Mar 14 00:59:42 ihartlinux kernel: [    2.312917] e820: reserve RAM buffer [mem 0x40004000-0x43ffffff]
Mar 14 00:59:42 ihartlinux kernel: [    2.312918] e820: reserve RAM buffer [mem 0xa004d018-0xa3ffffff]
Mar 14 00:59:42 ihartlinux kernel: [    2.312919] e820: reserve RAM buffer [mem 0xa9dbf000-0xabffffff]
Mar 14 00:59:42 ihartlinux kernel: [    2.312921] e820: reserve RAM buffer [mem 0xab000000-0xabffffff]
Mar 14 00:59:42 ihartlinux kernel: [    2.312922] e820: reserve RAM buffer [mem 0x24f600000-0x24fffffff]
Mar 14 00:59:42 ihartlinux kernel: [    2.312992] NetLabel: Initializing
Mar 14 00:59:42 ihartlinux kernel: [    2.312993] NetLabel:  domain hash size = 128
Mar 14 00:59:42 ihartlinux kernel: [    2.312994] NetLabel:  protocols = UNLABELED CIPSOv4
Mar 14 00:59:42 ihartlinux kernel: [    2.313001] NetLabel:  unlabeled traffic allowed by default
Mar 14 00:59:42 ihartlinux kernel: [    2.313053] hpet0: at MMIO 0xfed00000, IRQs 2, 8, 0, 0, 0, 0, 0, 0
Mar 14 00:59:42 ihartlinux kernel: [    2.313058] hpet0: 8 comparators, 64-bit 14.318180 MHz counter
Mar 14 00:59:42 ihartlinux kernel: [    2.315080] Switched to clocksource hpet
Mar 14 00:59:42 ihartlinux kernel: [    2.318790] AppArmor: AppArmor Filesystem Enabled
Mar 14 00:59:42 ihartlinux kernel: [    2.318811] pnp: PnP ACPI init
Mar 14 00:59:42 ihartlinux kernel: [    2.318822] ACPI: bus type PNP registered
Mar 14 00:59:42 ihartlinux kernel: [    2.318868] pnp 00:00: [dma 4]
Mar 14 00:59:42 ihartlinux kernel: [    2.318886] pnp 00:00: Plug and Play ACPI device, IDs PNP0200 (active)
Mar 14 00:59:42 ihartlinux kernel: [    2.318902] pnp 00:01: Plug and Play ACPI device, IDs INT0800 (active)
Mar 14 00:59:42 ihartlinux kernel: [    2.318987] pnp 00:02: Plug and Play ACPI device, IDs PNP0103 (active)
Mar 14 00:59:42 ihartlinux kernel: [    2.319012] pnp 00:03: Plug and Play ACPI device, IDs PNP0c04 (active)
Mar 14 00:59:42 ihartlinux kernel: [    2.319046] system 00:04: [io  0x0680-0x069f] has been reserved
Mar 14 00:59:42 ihartlinux kernel: [    2.319048] system 00:04: [io  0x1000-0x100f] has been reserved
Mar 14 00:59:42 ihartlinux kernel: [    2.319049] system 00:04: [io  0xffff] has been reserved
Mar 14 00:59:42 ihartlinux kernel: [    2.319051] system 00:04: [io  0xffff] has been reserved
Mar 14 00:59:42 ihartlinux kernel: [    2.319053] system 00:04: [io  0x0400-0x0453] could not be reserved
Mar 14 00:59:42 ihartlinux kernel: [    2.319054] system 00:04: [io  0x0458-0x047f] has been reserved
Mar 14 00:59:42 ihartlinux kernel: [    2.319056] system 00:04: [io  0x0700-0x077f] has been reserved
Mar 14 00:59:42 ihartlinux kernel: [    2.319057] system 00:04: [io  0x0500-0x0501] has been reserved
Mar 14 00:59:42 ihartlinux kernel: [    2.319060] system 00:04: Plug and Play ACPI device, IDs PNP0c02 (active)
Mar 14 00:59:42 ihartlinux kernel: [    2.319090] pnp 00:05: Plug and Play ACPI device, IDs PNP0b00 (active)
Mar 14 00:59:42 ihartlinux kernel: [    2.319125] system 00:06: [io  0x0454-0x0457] has been reserved
Mar 14 00:59:42 ihartlinux kernel: [    2.319127] system 00:06: Plug and Play ACPI device, IDs INT3f0d PNP0c02 (active)
Mar 14 00:59:42 ihartlinux kernel: [    2.319151] pnp 00:07: Plug and Play ACPI device, IDs HPQ8001 PNP0303 (active)
Mar 14 00:59:42 ihartlinux kernel: [    2.319174] pnp 00:08: Plug and Play ACPI device, IDs SYN1e89 SYN1e00 SYN0002 PNP0f13 (active)
Mar 14 00:59:42 ihartlinux kernel: [    2.319202] pnp 00:09: Plug and Play ACPI device, IDs HPQ6007 (active)
Mar 14 00:59:42 ihartlinux kernel: [    2.319286] system 00:0a: [mem 0xfed1c000-0xfed1ffff] has been reserved
Mar 14 00:59:42 ihartlinux kernel: [    2.319288] system 00:0a: [mem 0xfed10000-0xfed17fff] has been reserved
Mar 14 00:59:42 ihartlinux kernel: [    2.319290] system 00:0a: [mem 0xfed18000-0xfed18fff] has been reserved
Mar 14 00:59:42 ihartlinux kernel: [    2.319291] system 00:0a: [mem 0xfed19000-0xfed19fff] has been reserved
Mar 14 00:59:42 ihartlinux kernel: [    2.319293] system 00:0a: [mem 0xe0000000-0xefffffff] has been reserved
Mar 14 00:59:42 ihartlinux kernel: [    2.319295] system 00:0a: [mem 0xfed20000-0xfed3ffff] has been reserved
Mar 14 00:59:42 ihartlinux kernel: [    2.319296] system 00:0a: [mem 0xfed90000-0xfed93fff] has been reserved
Mar 14 00:59:42 ihartlinux kernel: [    2.319298] system 00:0a: [mem 0xff000000-0xffffffff] could not be reserved
Mar 14 00:59:42 ihartlinux kernel: [    2.319300] system 00:0a: [mem 0xfee00000-0xfeefffff] could not be reserved
Mar 14 00:59:42 ihartlinux kernel: [    2.319301] system 00:0a: [mem 0xafa00000-0xafa00fff] has been reserved
Mar 14 00:59:42 ihartlinux kernel: [    2.319303] system 00:0a: Plug and Play ACPI device, IDs PNP0c02 (active)
Mar 14 00:59:42 ihartlinux kernel: [    2.319559] system 00:0b: [mem 0x20000000-0x201fffff] has been reserved
Mar 14 00:59:42 ihartlinux kernel: [    2.319561] system 00:0b: [mem 0x40004000-0x40004fff] has been reserved
Mar 14 00:59:42 ihartlinux kernel: [    2.319563] system 00:0b: Plug and Play ACPI device, IDs PNP0c01 (active)
Mar 14 00:59:42 ihartlinux kernel: [    2.319579] pnp: PnP ACPI: found 12 devices
Mar 14 00:59:42 ihartlinux kernel: [    2.319580] ACPI: bus type PNP unregistered
Mar 14 00:59:42 ihartlinux kernel: [    2.325763] pci 0000:00:1c.0: PCI bridge to [bus 01]
Mar 14 00:59:42 ihartlinux kernel: [    2.325768] pci 0000:00:1c.0:   bridge window [io  0x4000-0x4fff]
Mar 14 00:59:42 ihartlinux kernel: [    2.325773] pci 0000:00:1c.0:   bridge window [mem 0xc2600000-0xc26fffff]
Mar 14 00:59:42 ihartlinux kernel: [    2.325782] pci 0000:00:1c.2: PCI bridge to [bus 02-07]
Mar 14 00:59:42 ihartlinux kernel: [    2.325785] pci 0000:00:1c.2:   bridge window [io  0x3000-0x3fff]
Mar 14 00:59:42 ihartlinux kernel: [    2.325790] pci 0000:00:1c.2:   bridge window [mem 0xc1000000-0xc1ffffff]
Mar 14 00:59:42 ihartlinux kernel: [    2.325794] pci 0000:00:1c.2:   bridge window [mem 0xc0000000-0xc0ffffff 64bit pref]
Mar 14 00:59:42 ihartlinux kernel: [    2.325801] pci 0000:00:1c.3: PCI bridge to [bus 08]
Mar 14 00:59:42 ihartlinux kernel: [    2.325803] pci 0000:00:1c.3:   bridge window [io  0x2000-0x2fff]
Mar 14 00:59:42 ihartlinux kernel: [    2.325808] pci 0000:00:1c.3:   bridge window [mem 0xc2500000-0xc25fffff]
Mar 14 00:59:42 ihartlinux kernel: [    2.325813] pci 0000:00:1c.3:   bridge window [mem 0xc2400000-0xc24fffff 64bit pref]
Mar 14 00:59:42 ihartlinux kernel: [    2.326010] pci_bus 0000:00: resource 4 [io  0x0000-0x0cf7]
Mar 14 00:59:42 ihartlinux kernel: [    2.326012] pci_bus 0000:00: resource 5 [io  0x0d00-0xffff]
Mar 14 00:59:42 ihartlinux kernel: [    2.326014] pci_bus 0000:00: resource 6 [mem 0x000a0000-0x000bffff]
Mar 14 00:59:42 ihartlinux kernel: [    2.326015] pci_bus 0000:00: resource 7 [mem 0x000c0000-0x000c3fff]
Mar 14 00:59:42 ihartlinux kernel: [    2.326017] pci_bus 0000:00: resource 8 [mem 0x000c4000-0x000c7fff]
Mar 14 00:59:42 ihartlinux kernel: [    2.326018] pci_bus 0000:00: resource 9 [mem 0x000c8000-0x000cbfff]
Mar 14 00:59:42 ihartlinux kernel: [    2.326019] pci_bus 0000:00: resource 10 [mem 0x000cc000-0x000cffff]
Mar 14 00:59:42 ihartlinux kernel: [    2.326021] pci_bus 0000:00: resource 11 [mem 0x000d0000-0x000d3fff]
Mar 14 00:59:42 ihartlinux kernel: [    2.326022] pci_bus 0000:00: resource 12 [mem 0x000d4000-0x000d7fff]
Mar 14 00:59:42 ihartlinux kernel: [    2.326024] pci_bus 0000:00: resource 13 [mem 0x000d8000-0x000dbfff]
Mar 14 00:59:42 ihartlinux kernel: [    2.326025] pci_bus 0000:00: resource 14 [mem 0x000dc000-0x000dffff]
Mar 14 00:59:42 ihartlinux kernel: [    2.326027] pci_bus 0000:00: resource 15 [mem 0x000e0000-0x000e3fff]
Mar 14 00:59:42 ihartlinux kernel: [    2.326028] pci_bus 0000:00: resource 16 [mem 0x000e4000-0x000e7fff]
Mar 14 00:59:42 ihartlinux kernel: [    2.326029] pci_bus 0000:00: resource 17 [mem 0x000e8000-0x000ebfff]
Mar 14 00:59:42 ihartlinux kernel: [    2.326031] pci_bus 0000:00: resource 18 [mem 0x000ec000-0x000effff]
Mar 14 00:59:42 ihartlinux kernel: [    2.326032] pci_bus 0000:00: resource 19 [mem 0x000f0000-0x000fffff]
Mar 14 00:59:42 ihartlinux kernel: [    2.326034] pci_bus 0000:00: resource 20 [mem 0xafa00000-0xfeafffff]
Mar 14 00:59:42 ihartlinux kernel: [    2.326036] pci_bus 0000:01: resource 0 [io  0x4000-0x4fff]
Mar 14 00:59:42 ihartlinux kernel: [    2.326037] pci_bus 0000:01: resource 1 [mem 0xc2600000-0xc26fffff]
Mar 14 00:59:42 ihartlinux kernel: [    2.326039] pci_bus 0000:02: resource 0 [io  0x3000-0x3fff]
Mar 14 00:59:42 ihartlinux kernel: [    2.326040] pci_bus 0000:02: resource 1 [mem 0xc1000000-0xc1ffffff]
Mar 14 00:59:42 ihartlinux kernel: [    2.326042] pci_bus 0000:02: resource 2 [mem 0xc0000000-0xc0ffffff 64bit pref]
Mar 14 00:59:42 ihartlinux kernel: [    2.326043] pci_bus 0000:08: resource 0 [io  0x2000-0x2fff]
Mar 14 00:59:42 ihartlinux kernel: [    2.326044] pci_bus 0000:08: resource 1 [mem 0xc2500000-0xc25fffff]
Mar 14 00:59:42 ihartlinux kernel: [    2.326046] pci_bus 0000:08: resource 2 [mem 0xc2400000-0xc24fffff 64bit pref]
Mar 14 00:59:42 ihartlinux kernel: [    2.326070] NET: Registered protocol family 2
Mar 14 00:59:42 ihartlinux kernel: [    2.326223] TCP established hash table entries: 65536 (order: 8, 1048576 bytes)
Mar 14 00:59:42 ihartlinux kernel: [    2.326386] TCP bind hash table entries: 65536 (order: 8, 1048576 bytes)
Mar 14 00:59:42 ihartlinux kernel: [    2.326500] TCP: Hash tables configured (established 65536 bind 65536)
Mar 14 00:59:42 ihartlinux kernel: [    2.326514] TCP: reno registered
Mar 14 00:59:42 ihartlinux kernel: [    2.326524] UDP hash table entries: 4096 (order: 5, 131072 bytes)
Mar 14 00:59:42 ihartlinux kernel: [    2.326548] UDP-Lite hash table entries: 4096 (order: 5, 131072 bytes)
Mar 14 00:59:42 ihartlinux kernel: [    2.326609] NET: Registered protocol family 1
Mar 14 00:59:42 ihartlinux kernel: [    2.326619] pci 0000:00:02.0: Boot video device
Mar 14 00:59:42 ihartlinux kernel: [    2.359265] PCI: CLS 64 bytes, default 64
Mar 14 00:59:42 ihartlinux kernel: [    2.359306] Trying to unpack rootfs image as initramfs...
Mar 14 00:59:42 ihartlinux kernel: [    2.713005] Freeing initrd memory: 24784K (ffff88003e7c7000 - ffff88003fffb000)
Mar 14 00:59:42 ihartlinux kernel: [    2.713010] PCI-DMA: Using software bounce buffering for IO (SWIOTLB)
Mar 14 00:59:42 ihartlinux kernel: [    2.713012] software IO TLB [mem 0xa24c1000-0xa64c1000] (64MB) mapped at [ffff8800a24c1000-ffff8800a64c0fff]
Mar 14 00:59:42 ihartlinux kernel: [    2.713046] Simple Boot Flag at 0x44 set to 0x1
Mar 14 00:59:42 ihartlinux kernel: [    2.713192] Scanning for low memory corruption every 60 seconds
Mar 14 00:59:42 ihartlinux kernel: [    2.713420] Initialise module verification
Mar 14 00:59:42 ihartlinux kernel: [    2.713451] audit: initializing netlink socket (disabled)
Mar 14 00:59:42 ihartlinux kernel: [    2.713460] type=2000 audit(1394783962.672:1): initialized
Mar 14 00:59:42 ihartlinux kernel: [    2.737085] bounce pool size: 64 pages
Mar 14 00:59:42 ihartlinux kernel: [    2.737093] HugeTLB registered 2 MB page size, pre-allocated 0 pages
Mar 14 00:59:42 ihartlinux kernel: [    2.738033] zbud: loaded
Mar 14 00:59:42 ihartlinux kernel: [    2.738143] VFS: Disk quotas dquot_6.5.2
Mar 14 00:59:42 ihartlinux kernel: [    2.738173] Dquot-cache hash table entries: 512 (order 0, 4096 bytes)
Mar 14 00:59:42 ihartlinux kernel: [    2.738541] fuse init (API version 7.22)
Mar 14 00:59:42 ihartlinux kernel: [    2.738601] msgmni has been set to 15743
Mar 14 00:59:42 ihartlinux kernel: [    2.738989] Key type asymmetric registered
Mar 14 00:59:42 ihartlinux kernel: [    2.738991] Asymmetric key parser 'x509' registered
Mar 14 00:59:42 ihartlinux kernel: [    2.739013] Block layer SCSI generic (bsg) driver version 0.4 loaded (major 252)
Mar 14 00:59:42 ihartlinux kernel: [    2.739043] io scheduler noop registered
Mar 14 00:59:42 ihartlinux kernel: [    2.739045] io scheduler deadline registered (default)
Mar 14 00:59:42 ihartlinux kernel: [    2.739065] io scheduler cfq registered
Mar 14 00:59:42 ihartlinux kernel: [    2.739240] pci_hotplug: PCI Hot Plug PCI Core version: 0.5
Mar 14 00:59:42 ihartlinux kernel: [    2.739251] pciehp: PCI Express Hot Plug Controller Driver version: 0.4
Mar 14 00:59:42 ihartlinux kernel: [    2.739301] efifb: probing for efifb
Mar 14 00:59:42 ihartlinux kernel: [    2.739736] efifb: framebuffer at 0xb0000000, mapped to 0xffffc90021500000, using 4128k, total 4128k
Mar 14 00:59:42 ihartlinux kernel: [    2.739738] efifb: mode is 1366x768x32, linelength=5504, pages=1
Mar 14 00:59:42 ihartlinux kernel: [    2.739739] efifb: scrolling: redraw
Mar 14 00:59:42 ihartlinux kernel: [    2.739740] efifb: Truecolor: size=8:8:8:8, shift=24:16:8:0
Mar 14 00:59:42 ihartlinux kernel: [    2.742150] Console: switching to colour frame buffer device 170x48
Mar 14 00:59:42 ihartlinux kernel: [    2.744418] fb0: EFI VGA frame buffer device
Mar 14 00:59:42 ihartlinux kernel: [    2.744422] intel_idle: MWAIT substates: 0x21120
Mar 14 00:59:42 ihartlinux kernel: [    2.744423] intel_idle: v0.4 model 0x3A
Mar 14 00:59:42 ihartlinux kernel: [    2.744424] intel_idle: lapic_timer_reliable_states 0xffffffff
Mar 14 00:59:42 ihartlinux kernel: [    2.944967] ACPI: AC Adapter [AC] (on-line)
Mar 14 00:59:42 ihartlinux kernel: [    2.945059] input: Lid Switch as /devices/LNXSYSTM:00/device:00/PNP0C0D:00/input/input0
Mar 14 00:59:42 ihartlinux kernel: [    2.947146] ACPI: Lid Switch [LID0]
Mar 14 00:59:42 ihartlinux kernel: [    2.947176] input: Power Button as /devices/LNXSYSTM:00/device:00/PNP0C0C:00/input/input1
Mar 14 00:59:42 ihartlinux kernel: [    2.947179] ACPI: Power Button [PWRB]
Mar 14 00:59:42 ihartlinux kernel: [    2.947204] input: Power Button as /devices/LNXSYSTM:00/LNXPWRBN:00/input/input2
Mar 14 00:59:42 ihartlinux kernel: [    2.947206] ACPI: Power Button [PWRF]
Mar 14 00:59:42 ihartlinux kernel: [    2.947248] ACPI: Fan [FAN0] (on)
Mar 14 00:59:42 ihartlinux kernel: [    2.947435] ACPI: Requesting acpi_cpufreq
Mar 14 00:59:42 ihartlinux kernel: [    2.955944] thermal LNXTHERM:00: registered as thermal_zone0
Mar 14 00:59:42 ihartlinux kernel: [    2.955946] ACPI: Thermal Zone [TZ00] (43 C)
Mar 14 00:59:42 ihartlinux kernel: [    2.957231] thermal LNXTHERM:01: registered as thermal_zone1
Mar 14 00:59:42 ihartlinux kernel: [    2.957232] ACPI: Thermal Zone [TZ01] (0 C)
Mar 14 00:59:42 ihartlinux kernel: [    2.960313] thermal LNXTHERM:02: registered as thermal_zone2
Mar 14 00:59:42 ihartlinux kernel: [    2.960315] ACPI: Thermal Zone [TZ02] (30 C)
Mar 14 00:59:42 ihartlinux kernel: [    2.960348] GHES: HEST is not enabled!
Mar 14 00:59:42 ihartlinux kernel: [    2.960423] Serial: 8250/16550 driver, 32 ports, IRQ sharing enabled
Mar 14 00:59:42 ihartlinux kernel: [    2.965183] Linux agpgart interface v0.103
Mar 14 00:59:42 ihartlinux kernel: [    2.966209] brd: module loaded
Mar 14 00:59:42 ihartlinux kernel: [    2.966728] loop: module loaded
Mar 14 00:59:42 ihartlinux kernel: [    2.966959] libphy: Fixed MDIO Bus: probed
Mar 14 00:59:42 ihartlinux kernel: [    2.967016] tun: Universal TUN/TAP device driver, 1.6
Mar 14 00:59:42 ihartlinux kernel: [    2.967017] tun: (C) 1999-2004 Max Krasnyansky <maxk@qualcomm.com>
Mar 14 00:59:42 ihartlinux kernel: [    2.967051] PPP generic driver version 2.4.2
Mar 14 00:59:42 ihartlinux kernel: [    2.967085] ehci_hcd: USB 2.0 'Enhanced' Host Controller (EHCI) Driver
Mar 14 00:59:42 ihartlinux kernel: [    2.967087] ehci-pci: EHCI PCI platform driver
Mar 14 00:59:42 ihartlinux kernel: [    2.967178] ehci-pci 0000:00:1a.0: setting latency timer to 64
Mar 14 00:59:42 ihartlinux kernel: [    2.967185] ehci-pci 0000:00:1a.0: EHCI Host Controller
Mar 14 00:59:42 ihartlinux kernel: [    2.967189] ehci-pci 0000:00:1a.0: new USB bus registered, assigned bus number 1
Mar 14 00:59:42 ihartlinux kernel: [    2.967202] ehci-pci 0000:00:1a.0: debug port 2
Mar 14 00:59:42 ihartlinux kernel: [    2.970474] ACPI: Battery Slot [BAT0] (battery present)
Mar 14 00:59:42 ihartlinux kernel: [    2.971108] ehci-pci 0000:00:1a.0: cache line size of 64 is not supported
Mar 14 00:59:42 ihartlinux kernel: [    2.971124] ehci-pci 0000:00:1a.0: irq 16, io mem 0xc2719000
Mar 14 00:59:42 ihartlinux kernel: [    2.979524] ehci-pci 0000:00:1a.0: USB 2.0 started, EHCI 1.00
Mar 14 00:59:42 ihartlinux kernel: [    2.979540] usb usb1: New USB device found, idVendor=1d6b, idProduct=0002
Mar 14 00:59:42 ihartlinux kernel: [    2.979542] usb usb1: New USB device strings: Mfr=3, Product=2, SerialNumber=1
Mar 14 00:59:42 ihartlinux kernel: [    2.979543] usb usb1: Product: EHCI Host Controller
Mar 14 00:59:42 ihartlinux kernel: [    2.979544] usb usb1: Manufacturer: Linux 3.11.0-18-generic ehci_hcd
Mar 14 00:59:42 ihartlinux kernel: [    2.979546] usb usb1: SerialNumber: 0000:00:1a.0
Mar 14 00:59:42 ihartlinux kernel: [    2.979624] hub 1-0:1.0: USB hub found
Mar 14 00:59:42 ihartlinux kernel: [    2.979628] hub 1-0:1.0: 2 ports detected
Mar 14 00:59:42 ihartlinux kernel: [    2.979780] ehci-pci 0000:00:1d.0: setting latency timer to 64
Mar 14 00:59:42 ihartlinux kernel: [    2.979786] ehci-pci 0000:00:1d.0: EHCI Host Controller
Mar 14 00:59:42 ihartlinux kernel: [    2.979789] ehci-pci 0000:00:1d.0: new USB bus registered, assigned bus number 2
Mar 14 00:59:42 ihartlinux kernel: [    2.979801] ehci-pci 0000:00:1d.0: debug port 2
Mar 14 00:59:42 ihartlinux kernel: [    2.983689] ehci-pci 0000:00:1d.0: cache line size of 64 is not supported
Mar 14 00:59:42 ihartlinux kernel: [    2.983702] ehci-pci 0000:00:1d.0: irq 20, io mem 0xc2718000
Mar 14 00:59:42 ihartlinux kernel: [    2.995537] ehci-pci 0000:00:1d.0: USB 2.0 started, EHCI 1.00
Mar 14 00:59:42 ihartlinux kernel: [    2.995546] usb usb2: New USB device found, idVendor=1d6b, idProduct=0002
Mar 14 00:59:42 ihartlinux kernel: [    2.995547] usb usb2: New USB device strings: Mfr=3, Product=2, SerialNumber=1
Mar 14 00:59:42 ihartlinux kernel: [    2.995549] usb usb2: Product: EHCI Host Controller
Mar 14 00:59:42 ihartlinux kernel: [    2.995550] usb usb2: Manufacturer: Linux 3.11.0-18-generic ehci_hcd
Mar 14 00:59:42 ihartlinux kernel: [    2.995551] usb usb2: SerialNumber: 0000:00:1d.0
Mar 14 00:59:42 ihartlinux kernel: [    2.995622] hub 2-0:1.0: USB hub found
Mar 14 00:59:42 ihartlinux kernel: [    2.995626] hub 2-0:1.0: 2 ports detected
Mar 14 00:59:42 ihartlinux kernel: [    2.995700] ehci-platform: EHCI generic platform driver
Mar 14 00:59:42 ihartlinux kernel: [    2.995706] ohci_hcd: USB 1.1 'Open' Host Controller (OHCI) Driver
Mar 14 00:59:42 ihartlinux kernel: [    2.995707] ohci-pci: OHCI PCI platform driver
Mar 14 00:59:42 ihartlinux kernel: [    2.995713] ohci-platform: OHCI generic platform driver
Mar 14 00:59:42 ihartlinux kernel: [    2.995718] uhci_hcd: USB Universal Host Controller Interface driver
Mar 14 00:59:42 ihartlinux kernel: [    2.995812] xhci_hcd 0000:00:14.0: setting latency timer to 64
Mar 14 00:59:42 ihartlinux kernel: [    2.995815] xhci_hcd 0000:00:14.0: xHCI Host Controller
Mar 14 00:59:42 ihartlinux kernel: [    2.995819] xhci_hcd 0000:00:14.0: new USB bus registered, assigned bus number 3
Mar 14 00:59:42 ihartlinux kernel: [    2.995906] xhci_hcd 0000:00:14.0: cache line size of 64 is not supported
Mar 14 00:59:42 ihartlinux kernel: [    2.995927] xhci_hcd 0000:00:14.0: irq 40 for MSI/MSI-X
Mar 14 00:59:42 ihartlinux kernel: [    2.995970] usb usb3: New USB device found, idVendor=1d6b, idProduct=0002
Mar 14 00:59:42 ihartlinux kernel: [    2.995972] usb usb3: New USB device strings: Mfr=3, Product=2, SerialNumber=1
Mar 14 00:59:42 ihartlinux kernel: [    2.995973] usb usb3: Product: xHCI Host Controller
Mar 14 00:59:42 ihartlinux kernel: [    2.995975] usb usb3: Manufacturer: Linux 3.11.0-18-generic xhci_hcd
Mar 14 00:59:42 ihartlinux kernel: [    2.995976] usb usb3: SerialNumber: 0000:00:14.0
Mar 14 00:59:42 ihartlinux kernel: [    2.996031] xHCI xhci_add_endpoint called for root hub
Mar 14 00:59:42 ihartlinux kernel: [    2.996032] xHCI xhci_check_bandwidth called for root hub
Mar 14 00:59:42 ihartlinux kernel: [    2.996047] hub 3-0:1.0: USB hub found
Mar 14 00:59:42 ihartlinux kernel: [    2.996054] hub 3-0:1.0: 4 ports detected
Mar 14 00:59:42 ihartlinux kernel: [    2.996303] xhci_hcd 0000:00:14.0: xHCI Host Controller
Mar 14 00:59:42 ihartlinux kernel: [    2.996306] xhci_hcd 0000:00:14.0: new USB bus registered, assigned bus number 4
Mar 14 00:59:42 ihartlinux kernel: [    2.996323] usb usb4: New USB device found, idVendor=1d6b, idProduct=0003
Mar 14 00:59:42 ihartlinux kernel: [    2.996325] usb usb4: New USB device strings: Mfr=3, Product=2, SerialNumber=1
Mar 14 00:59:42 ihartlinux kernel: [    2.996326] usb usb4: Product: xHCI Host Controller
Mar 14 00:59:42 ihartlinux kernel: [    2.996327] usb usb4: Manufacturer: Linux 3.11.0-18-generic xhci_hcd
Mar 14 00:59:42 ihartlinux kernel: [    2.996328] usb usb4: SerialNumber: 0000:00:14.0
Mar 14 00:59:42 ihartlinux kernel: [    2.996381] xHCI xhci_add_endpoint called for root hub
Mar 14 00:59:42 ihartlinux kernel: [    2.996382] xHCI xhci_check_bandwidth called for root hub
Mar 14 00:59:42 ihartlinux kernel: [    2.996395] hub 4-0:1.0: USB hub found
Mar 14 00:59:42 ihartlinux kernel: [    2.996403] hub 4-0:1.0: 4 ports detected
Mar 14 00:59:42 ihartlinux kernel: [    3.003581] i8042: PNP: PS/2 Controller [PNP0303:PS2K,PNP0f13:PS2M] at 0x60,0x64 irq 1,12
Mar 14 00:59:42 ihartlinux kernel: [    3.010155] serio: i8042 KBD port at 0x60,0x64 irq 1
Mar 14 00:59:42 ihartlinux kernel: [    3.010161] serio: i8042 AUX port at 0x60,0x64 irq 12
Mar 14 00:59:42 ihartlinux kernel: [    3.010251] mousedev: PS/2 mouse device common for all mice
Mar 14 00:59:42 ihartlinux kernel: [    3.010382] rtc_cmos 00:05: RTC can wake from S4
Mar 14 00:59:42 ihartlinux kernel: [    3.010558] rtc_cmos 00:05: rtc core: registered rtc_cmos as rtc0
Mar 14 00:59:42 ihartlinux kernel: [    3.010598] rtc_cmos 00:05: alarms up to one month, 242 bytes nvram, hpet irqs
Mar 14 00:59:42 ihartlinux kernel: [    3.010645] device-mapper: uevent: version 1.0.3
Mar 14 00:59:42 ihartlinux kernel: [    3.010692] device-mapper: ioctl: 4.25.0-ioctl (2013-06-26) initialised: dm-devel@redhat.com
Mar 14 00:59:42 ihartlinux kernel: [    3.010758] cpuidle: using governor ladder
Mar 14 00:59:42 ihartlinux kernel: [    3.010849] cpuidle: using governor menu
Mar 14 00:59:42 ihartlinux kernel: [    3.010858] ledtrig-cpu: registered to indicate activity on CPUs
Mar 14 00:59:42 ihartlinux kernel: [    3.010859] EFI Variables Facility v0.08 2004-May-17
Mar 14 00:59:42 ihartlinux kernel: [    3.047693] input: AT Translated Set 2 keyboard as /devices/platform/i8042/serio0/input/input3
Mar 14 00:59:42 ihartlinux kernel: [    3.295755] usb 1-1: new high-speed USB device number 2 using ehci-pci
Mar 14 00:59:42 ihartlinux kernel: [    3.440236] usb 1-1: New USB device found, idVendor=8087, idProduct=0024
Mar 14 00:59:42 ihartlinux kernel: [    3.440239] usb 1-1: New USB device strings: Mfr=0, Product=0, SerialNumber=0
Mar 14 00:59:42 ihartlinux kernel: [    3.440513] hub 1-1:1.0: USB hub found
Mar 14 00:59:42 ihartlinux kernel: [    3.440612] hub 1-1:1.0: 6 ports detected
Mar 14 00:59:42 ihartlinux kernel: [    3.551930] usb 2-1: new high-speed USB device number 2 using ehci-pci
Mar 14 00:59:42 ihartlinux kernel: [    3.696406] usb 2-1: New USB device found, idVendor=8087, idProduct=0024
Mar 14 00:59:42 ihartlinux kernel: [    3.696408] usb 2-1: New USB device strings: Mfr=0, Product=0, SerialNumber=0
Mar 14 00:59:42 ihartlinux kernel: [    3.696684] hub 2-1:1.0: USB hub found
Mar 14 00:59:42 ihartlinux kernel: [    3.696779] hub 2-1:1.0: 8 ports detected
Mar 14 00:59:42 ihartlinux kernel: [    3.712055] tsc: Refined TSC clocksource calibration: 2594.102 MHz
Mar 14 00:59:42 ihartlinux kernel: [    3.768215] usb 1-1.3: new high-speed USB device number 3 using ehci-pci
Mar 14 00:59:42 ihartlinux kernel: [    3.917184] usb 1-1.3: New USB device found, idVendor=05c8, idProduct=0361
Mar 14 00:59:42 ihartlinux kernel: [    3.917186] usb 1-1.3: New USB device strings: Mfr=1, Product=2, SerialNumber=0
Mar 14 00:59:42 ihartlinux kernel: [    3.917188] usb 1-1.3: Product: HP Truevision HD
Mar 14 00:59:42 ihartlinux kernel: [    3.917190] usb 1-1.3: Manufacturer: SunplusIT INC.
Mar 14 00:59:42 ihartlinux kernel: [    3.928239] TCP: cubic registered
Mar 14 00:59:42 ihartlinux kernel: [    3.928307] NET: Registered protocol family 10
Mar 14 00:59:42 ihartlinux kernel: [    3.928451] NET: Registered protocol family 17
Mar 14 00:59:42 ihartlinux kernel: [    3.928460] Key type dns_resolver registered
Mar 14 00:59:42 ihartlinux kernel: [    3.928878] PM: Hibernation image not present or could not be loaded.
Mar 14 00:59:42 ihartlinux kernel: [    3.928882] Loading module verification certificates
Mar 14 00:59:42 ihartlinux kernel: [    3.929637] MODSIGN: Loaded cert 'Magrathea: Glacier signing key: 9d94dc8d073854d044b3fa3652786ac75597c2f5'
Mar 14 00:59:42 ihartlinux kernel: [    3.929646] registered taskstats version 1
Mar 14 00:59:42 ihartlinux kernel: [    3.931673] Key type trusted registered
Mar 14 00:59:42 ihartlinux kernel: [    3.933253] Key type encrypted registered
Mar 14 00:59:42 ihartlinux kernel: [    3.934676] AppArmor: AppArmor sha1 policy hashing enabled
Mar 14 00:59:42 ihartlinux kernel: [    3.935055]   Magic number: 6:216:976
Mar 14 00:59:42 ihartlinux kernel: [    3.935061] usb 1-1: hash matches
Mar 14 00:59:42 ihartlinux kernel: [    3.935156] rtc_cmos 00:05: setting system clock to 2014-03-14 07:59:24 UTC (1394783964)
Mar 14 00:59:42 ihartlinux kernel: [    3.935811] BIOS EDD facility v0.16 2004-Jun-25, 0 devices found
Mar 14 00:59:42 ihartlinux kernel: [    3.935812] EDD information not available.
Mar 14 00:59:42 ihartlinux kernel: [    3.936487] Freeing unused kernel memory: 1364K (ffffffff81d10000 - ffffffff81e65000)
Mar 14 00:59:42 ihartlinux kernel: [    3.936488] Write protecting the kernel read-only data: 12288k
Mar 14 00:59:42 ihartlinux kernel: [    3.938272] Freeing unused kernel memory: 1028K (ffff8800016ff000 - ffff880001800000)
Mar 14 00:59:42 ihartlinux kernel: [    3.939501] Freeing unused kernel memory: 784K (ffff880001b3c000 - ffff880001c00000)
Mar 14 00:59:42 ihartlinux kernel: [    3.965252] wmi: Mapper loaded
Mar 14 00:59:42 ihartlinux kernel: [    3.967566] rtsx_pci 0000:02:00.0: irq 41 for MSI/MSI-X
Mar 14 00:59:42 ihartlinux kernel: [    3.967598] rtsx_pci 0000:02:00.0: rtsx_pci_acquire_irq: pcr->msi_en = 1, pci->irq = 41
Mar 14 00:59:42 ihartlinux kernel: [    3.970108] r8169 Gigabit Ethernet driver 2.3LK-NAPI loaded
Mar 14 00:59:42 ihartlinux kernel: [    3.970118] r8169 0000:08:00.0: can't disable ASPM; OS doesn't have ASPM control
Mar 14 00:59:42 ihartlinux kernel: [    3.971083] [drm] Initialized drm 1.1.0 20060810
Mar 14 00:59:42 ihartlinux kernel: [    3.973698] ahci 0000:00:1f.2: version 3.0
Mar 14 00:59:42 ihartlinux kernel: [    3.973844] ahci 0000:00:1f.2: irq 42 for MSI/MSI-X
Mar 14 00:59:42 ihartlinux kernel: [    3.973893] ahci 0000:00:1f.2: AHCI 0001.0300 32 slots 6 ports 6 Gbps 0x1 impl SATA mode
Mar 14 00:59:42 ihartlinux kernel: [    3.973897] ahci 0000:00:1f.2: flags: 64bit ncq pm led clo pio slum part ems apst 
Mar 14 00:59:42 ihartlinux kernel: [    3.973903] ahci 0000:00:1f.2: setting latency timer to 64
Mar 14 00:59:42 ihartlinux kernel: [    3.974379] scsi0 : ahci
Mar 14 00:59:42 ihartlinux kernel: [    3.974453] scsi1 : ahci
Mar 14 00:59:42 ihartlinux kernel: [    3.974513] scsi2 : ahci
Mar 14 00:59:42 ihartlinux kernel: [    3.974566] scsi3 : ahci
Mar 14 00:59:42 ihartlinux kernel: [    3.974623] scsi4 : ahci
Mar 14 00:59:42 ihartlinux kernel: [    3.974678] scsi5 : ahci
Mar 14 00:59:42 ihartlinux kernel: [    3.974730] ata1: SATA max UDMA/133 abar m2048@0xc2717000 port 0xc2717100 irq 42
Mar 14 00:59:42 ihartlinux kernel: [    3.974732] ata2: DUMMY
Mar 14 00:59:42 ihartlinux kernel: [    3.974733] ata3: DUMMY
Mar 14 00:59:42 ihartlinux kernel: [    3.974734] ata4: DUMMY
Mar 14 00:59:42 ihartlinux kernel: [    3.974735] ata5: DUMMY
Mar 14 00:59:42 ihartlinux kernel: [    3.974736] ata6: DUMMY
Mar 14 00:59:42 ihartlinux kernel: [    3.976577] r8169 0000:08:00.0: irq 43 for MSI/MSI-X
Mar 14 00:59:42 ihartlinux kernel: [    3.976755] r8169 0000:08:00.0 eth0: RTL8168g/8111g at 0xffffc90000064000, 9c:b6:54:c5:47:55, XID 0c000800 IRQ 43
Mar 14 00:59:42 ihartlinux kernel: [    3.976758] r8169 0000:08:00.0 eth0: jumbo features [frames: 9200 bytes, tx checksumming: ko]
Mar 14 00:59:42 ihartlinux kernel: [    3.983935] [drm] Memory usable by graphics device = 2048M
Mar 14 00:59:42 ihartlinux kernel: [    3.983939] checking generic (b0000000 408000) vs hw (b0000000 10000000)
Mar 14 00:59:42 ihartlinux kernel: [    3.983940] fb: conflicting fb hw usage inteldrmfb vs EFI VGA - removing generic driver
Mar 14 00:59:42 ihartlinux kernel: [    3.983952] Console: switching to colour dummy device 80x25
Mar 14 00:59:42 ihartlinux kernel: [    3.984015] i915 0000:00:02.0: setting latency timer to 64
Mar 14 00:59:42 ihartlinux kernel: [    4.008391] i915 0000:00:02.0: irq 44 for MSI/MSI-X
Mar 14 00:59:42 ihartlinux kernel: [    4.008398] [drm] Supports vblank timestamp caching Rev 1 (10.10.2010).
Mar 14 00:59:42 ihartlinux kernel: [    4.008399] [drm] Driver supports precise vblank timestamp query.
Mar 14 00:59:42 ihartlinux kernel: [    4.008413] ACPI Warning: \_SB_.PCI0.GFX0._DSM: Argument #4 type mismatch - Found [Integer], ACPI requires [Package] (20130517/nsarguments-95)
Mar 14 00:59:42 ihartlinux kernel: [    4.008440] ACPI Warning: \_SB_.PCI0.GFX0._DSM: Argument #4 type mismatch - Found [Integer], ACPI requires [Package] (20130517/nsarguments-95)
Mar 14 00:59:42 ihartlinux kernel: [    4.008484] vgaarb: device changed decodes: PCI:0000:00:02.0,olddecodes=io+mem,decodes=io+mem:owns=io+mem
Mar 14 00:59:42 ihartlinux kernel: [    4.056424] usb 2-1.8: new full-speed USB device number 3 using ehci-pci
Mar 14 00:59:42 ihartlinux kernel: [    4.108324] [drm] GMBUS [i915 gmbus vga] timed out, falling back to bit banging on pin 2
Mar 14 00:59:42 ihartlinux kernel: [    4.125547] fbcon: inteldrmfb (fb0) is primary device
Mar 14 00:59:42 ihartlinux kernel: [    4.149781] usb 2-1.8: New USB device found, idVendor=138a, idProduct=0050
Mar 14 00:59:42 ihartlinux kernel: [    4.149784] usb 2-1.8: New USB device strings: Mfr=0, Product=0, SerialNumber=1
Mar 14 00:59:42 ihartlinux kernel: [    4.149786] usb 2-1.8: SerialNumber: 601100208abe
Mar 14 00:59:42 ihartlinux kernel: [    4.292470] ata1: SATA link up 6.0 Gbps (SStatus 133 SControl 300)
Mar 14 00:59:42 ihartlinux kernel: [    4.293156] ata1.00: ATA-9: WDC WD7500BPVX-60JC3T0, 01.01A01, max UDMA/133
Mar 14 00:59:42 ihartlinux kernel: [    4.293166] ata1.00: 1465149168 sectors, multi 0: LBA48 NCQ (depth 31/32), AA
Mar 14 00:59:42 ihartlinux kernel: [    4.293888] ata1.00: configured for UDMA/133
Mar 14 00:59:42 ihartlinux kernel: [    4.294124] scsi 0:0:0:0: Direct-Access     ATA      WDC WD7500BPVX-6 01.0 PQ: 0 ANSI: 5
Mar 14 00:59:42 ihartlinux kernel: [    4.294293] sd 0:0:0:0: [sda] 1465149168 512-byte logical blocks: (750 GB/698 GiB)
Mar 14 00:59:42 ihartlinux kernel: [    4.294294] sd 0:0:0:0: [sda] 4096-byte physical blocks
Mar 14 00:59:42 ihartlinux kernel: [    4.294304] sd 0:0:0:0: Attached scsi generic sg0 type 0
Mar 14 00:59:42 ihartlinux kernel: [    4.294370] sd 0:0:0:0: [sda] Write Protect is off
Mar 14 00:59:42 ihartlinux kernel: [    4.294371] sd 0:0:0:0: [sda] Mode Sense: 00 3a 00 00
Mar 14 00:59:42 ihartlinux kernel: [    4.294397] sd 0:0:0:0: [sda] Write cache: enabled, read cache: enabled, doesn't support DPO or FUA
Mar 14 00:59:42 ihartlinux kernel: [    4.354613]  sda: sda1 sda2 sda3
Mar 14 00:59:42 ihartlinux kernel: [    4.355193] sd 0:0:0:0: [sda] Attached SCSI disk
Mar 14 00:59:42 ihartlinux kernel: [    4.712742] Switched to clocksource tsc
Mar 14 00:59:42 ihartlinux kernel: [    4.884854] Console: switching to colour frame buffer device 170x48
Mar 14 00:59:42 ihartlinux kernel: [    4.886892] i915 0000:00:02.0: fb0: inteldrmfb frame buffer device
Mar 14 00:59:42 ihartlinux kernel: [    4.886893] i915 0000:00:02.0: registered panic notifier
Mar 14 00:59:42 ihartlinux kernel: [    4.893780] acpi device:42: registered as cooling_device5
Mar 14 00:59:42 ihartlinux kernel: [    4.893879] ACPI: Video Device [GFX0] (multi-head: yes  rom: no  post: no)
Mar 14 00:59:42 ihartlinux kernel: [    4.893908] input: Video Bus as /devices/LNXSYSTM:00/device:00/PNP0A08:00/LNXVIDEO:00/input/input4
Mar 14 00:59:42 ihartlinux kernel: [    4.893968] [drm] Initialized i915 1.6.0 20080730 for 0000:00:02.0 on minor 0
Mar 14 00:59:42 ihartlinux kernel: [    5.857799] [drm] Enabling RC6 states: RC6 on, RC6p on, RC6pp off
Mar 14 00:59:42 ihartlinux kernel: [   10.100406] EXT4-fs (sda2): mounted filesystem with ordered data mode. Opts: (null)
Mar 14 00:59:42 ihartlinux kernel: [   21.169722] IPv6: ADDRCONF(NETDEV_UP): eth0: link is not ready
Mar 14 00:59:42 ihartlinux kernel: [   21.189496] EXT4-fs (sda2): re-mounted. Opts: errors=remount-ro
Mar 14 00:59:42 ihartlinux kernel: [   21.312084] lp: driver loaded but no devices found
Mar 14 00:59:42 ihartlinux kernel: [   21.325109] mei_me 0000:00:16.0: setting latency timer to 64
Mar 14 00:59:42 ihartlinux kernel: [   21.325144] mei_me 0000:00:16.0: irq 45 for MSI/MSI-X
Mar 14 00:59:42 ihartlinux kernel: [   21.332958] hp_accel: laptop model unknown, using default axes configuration
Mar 14 00:59:42 ihartlinux kernel: [   21.336498] lis3lv02d: 8 bits 3DC sensor found
Mar 14 00:59:42 ihartlinux kernel: [   21.362479] cfg80211: Calling CRDA to update world regulatory domain
Mar 14 00:59:42 ihartlinux kernel: [   21.370985] ACPI Warning: 0x0000000000000428-0x000000000000042f SystemIO conflicts with Region \PMIO 1 (20130517/utaddress-251)
Mar 14 00:59:42 ihartlinux kernel: [   21.370991] ACPI Warning: 0x0000000000000428-0x000000000000042f SystemIO conflicts with Region \_SB_.PCI0.LPCB.PMBS 2 (20130517/utaddress-251)
Mar 14 00:59:42 ihartlinux kernel: [   21.370995] ACPI: If an ACPI driver is available for this device, you should use it instead of the native driver
Mar 14 00:59:42 ihartlinux kernel: [   21.371000] ACPI Warning: 0x0000000000000730-0x000000000000073f SystemIO conflicts with Region \GPIO 1 (20130517/utaddress-251)
Mar 14 00:59:42 ihartlinux kernel: [   21.371003] ACPI Warning: 0x0000000000000730-0x000000000000073f SystemIO conflicts with Region \_SB_.PCI0.LPCB.GPIO 2 (20130517/utaddress-251)
Mar 14 00:59:42 ihartlinux kernel: [   21.371006] ACPI: If an ACPI driver is available for this device, you should use it instead of the native driver
Mar 14 00:59:42 ihartlinux kernel: [   21.371007] ACPI Warning: 0x0000000000000700-0x000000000000072f SystemIO conflicts with Region \GPIO 1 (20130517/utaddress-251)
Mar 14 00:59:42 ihartlinux kernel: [   21.371010] ACPI Warning: 0x0000000000000700-0x000000000000072f SystemIO conflicts with Region \_SB_.PCI0.LPCB.GPIO 2 (20130517/utaddress-251)
Mar 14 00:59:42 ihartlinux kernel: [   21.371013] ACPI: If an ACPI driver is available for this device, you should use it instead of the native driver
Mar 14 00:59:42 ihartlinux kernel: [   21.371014] lpc_ich: Resource conflict(s) found affecting gpio_ich
Mar 14 00:59:42 ihartlinux kernel: [   21.407515] microcode: CPU0 sig=0x306a9, pf=0x10, revision=0x17
Mar 14 00:59:42 ihartlinux kernel: [   21.420416] rtl8188ee: Using firmware rtlwifi/rtl8188efw.bin
Mar 14 00:59:42 ihartlinux kernel: [   21.427311] snd_hda_intel 0000:00:1b.0: irq 46 for MSI/MSI-X
Mar 14 00:59:42 ihartlinux kernel: [   21.441198] mute LED gpio 1 polarity 0
Mar 14 00:59:42 ihartlinux kernel: [   21.441383] autoconfig: line_outs=1 (0xd/0x0/0x0/0x0/0x0) type:speaker
Mar 14 00:59:42 ihartlinux kernel: [   21.441384]    speaker_outs=0 (0x0/0x0/0x0/0x0/0x0)
Mar 14 00:59:42 ihartlinux kernel: [   21.441385]    hp_outs=1 (0xb/0x0/0x0/0x0/0x0)
Mar 14 00:59:42 ihartlinux kernel: [   21.441385]    mono: mono_out=0x0
Mar 14 00:59:42 ihartlinux kernel: [   21.441386]    inputs:
Mar 14 00:59:42 ihartlinux kernel: [   21.441387]      Internal Mic=0x11
Mar 14 00:59:42 ihartlinux kernel: [   21.441388]      Mic=0xa
Mar 14 00:59:42 ihartlinux kernel: [   21.465085] input: HDA Intel PCH HDMI/DP,pcm=3 as /devices/pci0000:00/0000:00:1b.0/sound/card0/input5
Mar 14 00:59:42 ihartlinux kernel: [   21.465189] input: HDA Intel PCH Headphone as /devices/pci0000:00/0000:00:1b.0/sound/card0/input6
Mar 14 00:59:42 ihartlinux kernel: [   21.465273] input: HDA Intel PCH Mic as /devices/pci0000:00/0000:00:1b.0/sound/card0/input7
Mar 14 00:59:42 ihartlinux kernel: [   21.522114] type=1400 audit(1394783982.070:2): apparmor="STATUS" operation="profile_load" parent=440 profile="unconfined" name="/sbin/dhclient" pid=460 comm="apparmor_parser"
Mar 14 00:59:42 ihartlinux kernel: [   21.522119] type=1400 audit(1394783982.070:3): apparmor="STATUS" operation="profile_load" parent=440 profile="unconfined" name="/usr/lib/NetworkManager/nm-dhcp-client.action" pid=460 comm="apparmor_parser"
Mar 14 00:59:42 ihartlinux kernel: [   21.522123] type=1400 audit(1394783982.070:4): apparmor="STATUS" operation="profile_load" parent=440 profile="unconfined" name="/usr/lib/connman/scripts/dhclient-script" pid=460 comm="apparmor_parser"
Mar 14 00:59:42 ihartlinux kernel: [   21.522520] type=1400 audit(1394783982.070:5): apparmor="STATUS" operation="profile_replace" parent=440 profile="unconfined" name="/usr/lib/NetworkManager/nm-dhcp-client.action" pid=460 comm="apparmor_parser"
Mar 14 00:59:42 ihartlinux kernel: [   21.522524] type=1400 audit(1394783982.070:6): apparmor="STATUS" operation="profile_replace" parent=440 profile="unconfined" name="/usr/lib/connman/scripts/dhclient-script" pid=460 comm="apparmor_parser"
Mar 14 00:59:42 ihartlinux kernel: [   21.522741] type=1400 audit(1394783982.070:7): apparmor="STATUS" operation="profile_replace" parent=440 profile="unconfined" name="/usr/lib/connman/scripts/dhclient-script" pid=460 comm="apparmor_parser"
Mar 14 00:59:42 ihartlinux kernel: [   21.575747] input: ST LIS3LV02DL Accelerometer as /devices/platform/lis3lv02d/input/input8
Mar 14 00:59:42 ihartlinux kernel: [   21.706655] microcode: CPU1 sig=0x306a9, pf=0x10, revision=0x17
Mar 14 00:59:42 ihartlinux kernel: [   21.707111] microcode: CPU2 sig=0x306a9, pf=0x10, revision=0x17
Mar 14 00:59:42 ihartlinux kernel: [   21.708241] microcode: CPU3 sig=0x306a9, pf=0x10, revision=0x17
Mar 14 00:59:42 ihartlinux kernel: [   21.708709] microcode: Microcode Update Driver: v2.00 <tigran@aivazian.fsnet.co.uk>, Peter Oruba
Mar 14 00:59:42 ihartlinux kernel: [   21.740829] kvm: disabled by bios
Mar 14 00:59:42 ihartlinux kernel: [   21.756601] ieee80211 phy0: Selected rate control algorithm 'rtl_rc'
Mar 14 00:59:42 ihartlinux kernel: [   21.756780] rtlwifi: wireless switch is on
Mar 14 00:59:42 ihartlinux kernel: [   21.837415] Linux video capture interface: v2.00
Mar 14 00:59:42 ihartlinux kernel: [   21.843099] uvcvideo: Found UVC 1.00 device HP Truevision HD (05c8:0361)
Mar 14 00:59:42 ihartlinux kernel: [   21.851376] input: HP Truevision HD as /devices/pci0000:00/0000:00:1a.0/usb1/1-1/1-1.3/1-1.3:1.0/input/input9
Mar 14 00:59:42 ihartlinux kernel: [   21.851440] usbcore: registered new interface driver uvcvideo
Mar 14 00:59:42 ihartlinux kernel: [   21.851441] USB Video Class driver (1.1.1)
Mar 14 00:59:42 ihartlinux kernel: [   21.857012] psmouse serio1: synaptics: Touchpad model: 1, fw: 8.1, id: 0x1e2b1, caps: 0xd00123/0x840300/0x127c00, board id: 2667, fw id: 1280283
Mar 14 00:59:42 ihartlinux kernel: [   21.893584] input: SynPS/2 Synaptics TouchPad as /devices/platform/i8042/serio1/input/input10
Mar 14 00:59:42 ihartlinux kernel: [   21.927880] cfg80211: World regulatory domain updated:
Mar 14 00:59:42 ihartlinux kernel: [   21.927882] cfg80211:   (start_freq - end_freq @ bandwidth), (max_antenna_gain, max_eirp)
Mar 14 00:59:42 ihartlinux kernel: [   21.927884] cfg80211:   (2402000 KHz - 2472000 KHz @ 40000 KHz), (300 mBi, 2000 mBm)
Mar 14 00:59:42 ihartlinux kernel: [   21.927885] cfg80211:   (2457000 KHz - 2482000 KHz @ 40000 KHz), (300 mBi, 2000 mBm)
Mar 14 00:59:42 ihartlinux kernel: [   21.927886] cfg80211:   (2474000 KHz - 2494000 KHz @ 20000 KHz), (300 mBi, 2000 mBm)
Mar 14 00:59:42 ihartlinux kernel: [   21.927887] cfg80211:   (5170000 KHz - 5250000 KHz @ 40000 KHz), (300 mBi, 2000 mBm)
Mar 14 00:59:42 ihartlinux kernel: [   21.927888] cfg80211:   (5735000 KHz - 5835000 KHz @ 40000 KHz), (300 mBi, 2000 mBm)
